This is pdfTeX, Version 3.141592653-2.6-1.40.28 (MiKTeX 25.12) (preloaded format=pdflatex 2026.8.11)  14 AUG 2026 16:19
entering extended mode
 restricted \write18 enabled.
 %&-line parsing enabled.
**./Aurum264Latex.tex
(Aurum264Latex.tex
LaTeX2e <2025-11-01>
L3 programming layer <2025-12-24>
(C:\Users\Gabe Hollis\AppData\Local\Programs\MiKTeX\tex/latex/base\article.cls
Document Class: article 2025/01/22 v1.4n Standard LaTeX document class
(C:\Users\Gabe Hollis\AppData\Local\Programs\MiKTeX\tex/latex/base\size12.clo
File: size12.clo 2025/01/22 v1.4n Standard LaTeX file (size option)
)
\c@part=\count275
\c@section=\count276
\c@subsection=\count277
\c@subsubsection=\count278
\c@paragraph=\count279
\c@subparagraph=\count280
\c@figure=\count281
\c@table=\count282
\abovecaptionskip=\skip49
\belowcaptionskip=\skip50
\bibindent=\dimen148
)
(C:\Users\Gabe Hollis\AppData\Local\Programs\MiKTeX\tex/latex/forest\forest.sty
Package: forest 2017/07/14 v2.1.5 Drawing (linguistic) trees

(C:\Users\Gabe Hollis\AppData\Local\Programs\MiKTeX\tex/latex/pgf/frontendlayer
\tikz.sty
(C:\Users\Gabe Hollis\AppData\Local\Programs\MiKTeX\tex/latex/pgf/basiclayer\pg
f.sty
(C:\Users\Gabe Hollis\AppData\Local\Programs\MiKTeX\tex/latex/pgf/utilities\pgf
rcs.sty
(C:\Users\Gabe Hollis\AppData\Local\Programs\MiKTeX\tex/generic/pgf/utilities\p
gfutil-common.tex
\pgfutil@everybye=\toks17
\pgfutil@tempdima=\dimen149
\pgfutil@tempdimb=\dimen150
)
(C:\Users\Gabe Hollis\AppData\Local\Programs\MiKTeX\tex/generic/pgf/utilities\p
gfutil-latex.def
\pgfutil@abb=\box53
)
(C:\Users\Gabe Hollis\AppData\Local\Programs\MiKTeX\tex/generic/pgf/utilities\p
gfrcs.code.tex
(C:\Users\Gabe Hollis\AppData\Local\Programs\MiKTeX\tex/generic/pgf\pgf.revisio
n.tex)
Package: pgfrcs 2025-08-29 v3.1.11a (3.1.11a)
))
Package: pgf 2025-08-29 v3.1.11a (3.1.11a)

(C:\Users\Gabe Hollis\AppData\Local\Programs\MiKTeX\tex/latex/pgf/basiclayer\pg
fcore.sty
(C:\Users\Gabe Hollis\AppData\Local\Programs\MiKTeX\tex/latex/graphics\graphicx
.sty
Package: graphicx 2024/12/31 v1.2e Enhanced LaTeX Graphics (DPC,SPQR)

(C:\Users\Gabe Hollis\AppData\Local\Programs\MiKTeX\tex/latex/graphics\keyval.s
ty
Package: keyval 2022/05/29 v1.15 key=value parser (DPC)
\KV@toks@=\toks18
)
(C:\Users\Gabe Hollis\AppData\Local\Programs\MiKTeX\tex/latex/graphics\graphics
.sty
Package: graphics 2024/08/06 v1.4g Standard LaTeX Graphics (DPC,SPQR)

(C:\Users\Gabe Hollis\AppData\Local\Programs\MiKTeX\tex/latex/graphics\trig.sty
Package: trig 2023/12/02 v1.11 sin cos tan (DPC)
)
(C:\Users\Gabe Hollis\AppData\Local\Programs\MiKTeX\tex/latex/graphics-cfg\grap
hics.cfg
File: graphics.cfg 2016/06/04 v1.11 sample graphics configuration
)
Package graphics Info: Driver file: pdftex.def on input line 106.

(C:\Users\Gabe Hollis\AppData\Local\Programs\MiKTeX\tex/latex/graphics-def\pdft
ex.def
File: pdftex.def 2025/09/29 v1.2d Graphics/color driver for pdftex
))
\Gin@req@height=\dimen151
\Gin@req@width=\dimen152
)
(C:\Users\Gabe Hollis\AppData\Local\Programs\MiKTeX\tex/latex/pgf/systemlayer\p
gfsys.sty
(C:\Users\Gabe Hollis\AppData\Local\Programs\MiKTeX\tex/generic/pgf/systemlayer
\pgfsys.code.tex
Package: pgfsys 2025-08-29 v3.1.11a (3.1.11a)

(C:\Users\Gabe Hollis\AppData\Local\Programs\MiKTeX\tex/generic/pgf/utilities\p
gfkeys.code.tex
\pgfkeys@pathtoks=\toks19
\pgfkeys@temptoks=\toks20

(C:\Users\Gabe Hollis\AppData\Local\Programs\MiKTeX\tex/generic/pgf/utilities\p
gfkeyslibraryfiltered.code.tex
\pgfkeys@tmptoks=\toks21
))
\pgf@x=\dimen153
\pgf@y=\dimen154
\pgf@xa=\dimen155
\pgf@ya=\dimen156
\pgf@xb=\dimen157
\pgf@yb=\dimen158
\pgf@xc=\dimen159
\pgf@yc=\dimen160
\pgf@xd=\dimen161
\pgf@yd=\dimen162
\w@pgf@writea=\write3
\r@pgf@reada=\read2
\c@pgf@counta=\count283
\c@pgf@countb=\count284
\c@pgf@countc=\count285
\c@pgf@countd=\count286
\t@pgf@toka=\toks22
\t@pgf@tokb=\toks23
\t@pgf@tokc=\toks24
\pgf@sys@id@count=\count287

(C:\Users\Gabe Hollis\AppData\Local\Programs\MiKTeX\tex/generic/pgf/systemlayer
\pgf.cfg
File: pgf.cfg 2025-08-29 v3.1.11a (3.1.11a)
)
Driver file for pgf: pgfsys-pdftex.def

(C:\Users\Gabe Hollis\AppData\Local\Programs\MiKTeX\tex/generic/pgf/systemlayer
\pgfsys-pdftex.def
File: pgfsys-pdftex.def 2025-08-29 v3.1.11a (3.1.11a)

(C:\Users\Gabe Hollis\AppData\Local\Programs\MiKTeX\tex/generic/pgf/systemlayer
\pgfsys-common-pdf.def
File: pgfsys-common-pdf.def 2025-08-29 v3.1.11a (3.1.11a)
)))
(C:\Users\Gabe Hollis\AppData\Local\Programs\MiKTeX\tex/generic/pgf/systemlayer
\pgfsyssoftpath.code.tex
File: pgfsyssoftpath.code.tex 2025-08-29 v3.1.11a (3.1.11a)
\pgfsyssoftpath@smallbuffer@items=\count288
\pgfsyssoftpath@bigbuffer@items=\count289
)
(C:\Users\Gabe Hollis\AppData\Local\Programs\MiKTeX\tex/generic/pgf/systemlayer
\pgfsysprotocol.code.tex
File: pgfsysprotocol.code.tex 2025-08-29 v3.1.11a (3.1.11a)
))
(C:\Users\Gabe Hollis\AppData\Local\Programs\MiKTeX\tex/latex/xcolor\xcolor.sty
Package: xcolor 2024/09/29 v3.02 LaTeX color extensions (UK)

(C:\Users\Gabe Hollis\AppData\Local\Programs\MiKTeX\tex/latex/graphics-cfg\colo
r.cfg
File: color.cfg 2016/01/02 v1.6 sample color configuration
)
Package xcolor Info: Driver file: pdftex.def on input line 274.

(C:\Users\Gabe Hollis\AppData\Local\Programs\MiKTeX\tex/latex/graphics\mathcolo
r.ltx)
Package xcolor Info: Model `cmy' substituted by `cmy0' on input line 1349.
Package xcolor Info: Model `hsb' substituted by `rgb' on input line 1353.
Package xcolor Info: Model `RGB' extended on input line 1365.
Package xcolor Info: Model `HTML' substituted by `rgb' on input line 1367.
Package xcolor Info: Model `Hsb' substituted by `hsb' on input line 1368.
Package xcolor Info: Model `tHsb' substituted by `hsb' on input line 1369.
Package xcolor Info: Model `HSB' substituted by `hsb' on input line 1370.
Package xcolor Info: Model `Gray' substituted by `gray' on input line 1371.
Package xcolor Info: Model `wave' substituted by `hsb' on input line 1372.
)
(C:\Users\Gabe Hollis\AppData\Local\Programs\MiKTeX\tex/generic/pgf/basiclayer\
pgfcore.code.tex
Package: pgfcore 2025-08-29 v3.1.11a (3.1.11a)

(C:\Users\Gabe Hollis\AppData\Local\Programs\MiKTeX\tex/generic/pgf/math\pgfmat
h.code.tex
(C:\Users\Gabe Hollis\AppData\Local\Programs\MiKTeX\tex/generic/pgf/math\pgfmat
hutil.code.tex)
(C:\Users\Gabe Hollis\AppData\Local\Programs\MiKTeX\tex/generic/pgf/math\pgfmat
hparser.code.tex
\pgfmath@dimen=\dimen163
\pgfmath@count=\count290
\pgfmath@box=\box54
\pgfmath@toks=\toks25
\pgfmath@stack@operand=\toks26
\pgfmath@stack@operation=\toks27
)
(C:\Users\Gabe Hollis\AppData\Local\Programs\MiKTeX\tex/generic/pgf/math\pgfmat
hfunctions.code.tex)
(C:\Users\Gabe Hollis\AppData\Local\Programs\MiKTeX\tex/generic/pgf/math\pgfmat
hfunctions.basic.code.tex)
(C:\Users\Gabe Hollis\AppData\Local\Programs\MiKTeX\tex/generic/pgf/math\pgfmat
hfunctions.trigonometric.code.tex)
(C:\Users\Gabe Hollis\AppData\Local\Programs\MiKTeX\tex/generic/pgf/math\pgfmat
hfunctions.random.code.tex)
(C:\Users\Gabe Hollis\AppData\Local\Programs\MiKTeX\tex/generic/pgf/math\pgfmat
hfunctions.comparison.code.tex)
(C:\Users\Gabe Hollis\AppData\Local\Programs\MiKTeX\tex/generic/pgf/math\pgfmat
hfunctions.base.code.tex)
(C:\Users\Gabe Hollis\AppData\Local\Programs\MiKTeX\tex/generic/pgf/math\pgfmat
hfunctions.round.code.tex)
(C:\Users\Gabe Hollis\AppData\Local\Programs\MiKTeX\tex/generic/pgf/math\pgfmat
hfunctions.misc.code.tex)
(C:\Users\Gabe Hollis\AppData\Local\Programs\MiKTeX\tex/generic/pgf/math\pgfmat
hfunctions.integerarithmetics.code.tex)
(C:\Users\Gabe Hollis\AppData\Local\Programs\MiKTeX\tex/generic/pgf/math\pgfmat
hcalc.code.tex)
(C:\Users\Gabe Hollis\AppData\Local\Programs\MiKTeX\tex/generic/pgf/math\pgfmat
hfloat.code.tex
\c@pgfmathroundto@lastzeros=\count291
))
(C:\Users\Gabe Hollis\AppData\Local\Programs\MiKTeX\tex/generic/pgf/math\pgfint
.code.tex)
(C:\Users\Gabe Hollis\AppData\Local\Programs\MiKTeX\tex/generic/pgf/basiclayer\
pgfcorepoints.code.tex
File: pgfcorepoints.code.tex 2025-08-29 v3.1.11a (3.1.11a)
\pgf@picminx=\dimen164
\pgf@picmaxx=\dimen165
\pgf@picminy=\dimen166
\pgf@picmaxy=\dimen167
\pgf@pathminx=\dimen168
\pgf@pathmaxx=\dimen169
\pgf@pathminy=\dimen170
\pgf@pathmaxy=\dimen171
\pgf@xx=\dimen172
\pgf@xy=\dimen173
\pgf@yx=\dimen174
\pgf@yy=\dimen175
\pgf@zx=\dimen176
\pgf@zy=\dimen177
)
(C:\Users\Gabe Hollis\AppData\Local\Programs\MiKTeX\tex/generic/pgf/basiclayer\
pgfcorepathconstruct.code.tex
File: pgfcorepathconstruct.code.tex 2025-08-29 v3.1.11a (3.1.11a)
\pgf@path@lastx=\dimen178
\pgf@path@lasty=\dimen179
)
(C:\Users\Gabe Hollis\AppData\Local\Programs\MiKTeX\tex/generic/pgf/basiclayer\
pgfcorepathusage.code.tex
File: pgfcorepathusage.code.tex 2025-08-29 v3.1.11a (3.1.11a)
\pgf@shorten@end@additional=\dimen180
\pgf@shorten@start@additional=\dimen181
)
(C:\Users\Gabe Hollis\AppData\Local\Programs\MiKTeX\tex/generic/pgf/basiclayer\
pgfcorescopes.code.tex
File: pgfcorescopes.code.tex 2025-08-29 v3.1.11a (3.1.11a)
\pgfpic=\box55
\pgf@hbox=\box56
\pgf@layerbox@main=\box57
\pgf@picture@serial@count=\count292
)
(C:\Users\Gabe Hollis\AppData\Local\Programs\MiKTeX\tex/generic/pgf/basiclayer\
pgfcoregraphicstate.code.tex
File: pgfcoregraphicstate.code.tex 2025-08-29 v3.1.11a (3.1.11a)
\pgflinewidth=\dimen182
)
(C:\Users\Gabe Hollis\AppData\Local\Programs\MiKTeX\tex/generic/pgf/basiclayer\
pgfcoretransformations.code.tex
File: pgfcoretransformations.code.tex 2025-08-29 v3.1.11a (3.1.11a)
\pgf@pt@x=\dimen183
\pgf@pt@y=\dimen184
\pgf@pt@temp=\dimen185
)
(C:\Users\Gabe Hollis\AppData\Local\Programs\MiKTeX\tex/generic/pgf/basiclayer\
pgfcorequick.code.tex
File: pgfcorequick.code.tex 2025-08-29 v3.1.11a (3.1.11a)
)
(C:\Users\Gabe Hollis\AppData\Local\Programs\MiKTeX\tex/generic/pgf/basiclayer\
pgfcoreobjects.code.tex
File: pgfcoreobjects.code.tex 2025-08-29 v3.1.11a (3.1.11a)
)
(C:\Users\Gabe Hollis\AppData\Local\Programs\MiKTeX\tex/generic/pgf/basiclayer\
pgfcorepathprocessing.code.tex
File: pgfcorepathprocessing.code.tex 2025-08-29 v3.1.11a (3.1.11a)
)
(C:\Users\Gabe Hollis\AppData\Local\Programs\MiKTeX\tex/generic/pgf/basiclayer\
pgfcorearrows.code.tex
File: pgfcorearrows.code.tex 2025-08-29 v3.1.11a (3.1.11a)
\pgfarrowsep=\dimen186
)
(C:\Users\Gabe Hollis\AppData\Local\Programs\MiKTeX\tex/generic/pgf/basiclayer\
pgfcoreshade.code.tex
File: pgfcoreshade.code.tex 2025-08-29 v3.1.11a (3.1.11a)
\pgf@max=\dimen187
\pgf@sys@shading@range@num=\count293
\pgf@shadingcount=\count294
)
(C:\Users\Gabe Hollis\AppData\Local\Programs\MiKTeX\tex/generic/pgf/basiclayer\
pgfcoreimage.code.tex
File: pgfcoreimage.code.tex 2025-08-29 v3.1.11a (3.1.11a)
)
(C:\Users\Gabe Hollis\AppData\Local\Programs\MiKTeX\tex/generic/pgf/basiclayer\
pgfcoreexternal.code.tex
File: pgfcoreexternal.code.tex 2025-08-29 v3.1.11a (3.1.11a)
\pgfexternal@startupbox=\box58
)
(C:\Users\Gabe Hollis\AppData\Local\Programs\MiKTeX\tex/generic/pgf/basiclayer\
pgfcorelayers.code.tex
File: pgfcorelayers.code.tex 2025-08-29 v3.1.11a (3.1.11a)
)
(C:\Users\Gabe Hollis\AppData\Local\Programs\MiKTeX\tex/generic/pgf/basiclayer\
pgfcoretransparency.code.tex
File: pgfcoretransparency.code.tex 2025-08-29 v3.1.11a (3.1.11a)
)
(C:\Users\Gabe Hollis\AppData\Local\Programs\MiKTeX\tex/generic/pgf/basiclayer\
pgfcorepatterns.code.tex
File: pgfcorepatterns.code.tex 2025-08-29 v3.1.11a (3.1.11a)
)
(C:\Users\Gabe Hollis\AppData\Local\Programs\MiKTeX\tex/generic/pgf/basiclayer\
pgfcorerdf.code.tex
File: pgfcorerdf.code.tex 2025-08-29 v3.1.11a (3.1.11a)
)))
(C:\Users\Gabe Hollis\AppData\Local\Programs\MiKTeX\tex/generic/pgf/modules\pgf
moduleshapes.code.tex
File: pgfmoduleshapes.code.tex 2025-08-29 v3.1.11a (3.1.11a)
\pgfnodeparttextbox=\box59
)
(C:\Users\Gabe Hollis\AppData\Local\Programs\MiKTeX\tex/generic/pgf/modules\pgf
moduleplot.code.tex
File: pgfmoduleplot.code.tex 2025-08-29 v3.1.11a (3.1.11a)
)
(C:\Users\Gabe Hollis\AppData\Local\Programs\MiKTeX\tex/latex/pgf/compatibility
\pgfcomp-version-0-65.sty
Package: pgfcomp-version-0-65 2025-08-29 v3.1.11a (3.1.11a)
\pgf@nodesepstart=\dimen188
\pgf@nodesepend=\dimen189
)
(C:\Users\Gabe Hollis\AppData\Local\Programs\MiKTeX\tex/latex/pgf/compatibility
\pgfcomp-version-1-18.sty
Package: pgfcomp-version-1-18 2025-08-29 v3.1.11a (3.1.11a)
))
(C:\Users\Gabe Hollis\AppData\Local\Programs\MiKTeX\tex/latex/pgf/utilities\pgf
for.sty
(C:\Users\Gabe Hollis\AppData\Local\Programs\MiKTeX\tex/latex/pgf/utilities\pgf
keys.sty
(C:\Users\Gabe Hollis\AppData\Local\Programs\MiKTeX\tex/generic/pgf/utilities\p
gfkeys.code.tex))
(C:\Users\Gabe Hollis\AppData\Local\Programs\MiKTeX\tex/latex/pgf/math\pgfmath.
sty
(C:\Users\Gabe Hollis\AppData\Local\Programs\MiKTeX\tex/generic/pgf/math\pgfmat
h.code.tex))
(C:\Users\Gabe Hollis\AppData\Local\Programs\MiKTeX\tex/generic/pgf/utilities\p
gffor.code.tex
Package: pgffor 2025-08-29 v3.1.11a (3.1.11a)
\pgffor@iter=\dimen190
\pgffor@skip=\dimen191
\pgffor@stack=\toks28
\pgffor@toks=\toks29
))
(C:\Users\Gabe Hollis\AppData\Local\Programs\MiKTeX\tex/generic/pgf/frontendlay
er/tikz\tikz.code.tex
Package: tikz 2025-08-29 v3.1.11a (3.1.11a)

(C:\Users\Gabe Hollis\AppData\Local\Programs\MiKTeX\tex/generic/pgf/libraries\p
gflibraryplothandlers.code.tex
File: pgflibraryplothandlers.code.tex 2025-08-29 v3.1.11a (3.1.11a)
\pgf@plot@mark@count=\count295
\pgfplotmarksize=\dimen192
)
\tikz@lastx=\dimen193
\tikz@lasty=\dimen194
\tikz@lastxsaved=\dimen195
\tikz@lastysaved=\dimen196
\tikz@lastmovetox=\dimen197
\tikz@lastmovetoy=\dimen198
\tikzleveldistance=\dimen199
\tikzsiblingdistance=\dimen256
\tikz@figbox=\box60
\tikz@figbox@bg=\box61
\tikz@tempbox=\box62
\tikz@tempbox@bg=\box63
\tikztreelevel=\count296
\tikznumberofchildren=\count297
\tikznumberofcurrentchild=\count298
\tikz@fig@count=\count299

(C:\Users\Gabe Hollis\AppData\Local\Programs\MiKTeX\tex/generic/pgf/modules\pgf
modulematrix.code.tex
File: pgfmodulematrix.code.tex 2025-08-29 v3.1.11a (3.1.11a)
\pgfmatrixcurrentrow=\count300
\pgfmatrixcurrentcolumn=\count301
\pgf@matrix@numberofcolumns=\count302
)
\tikz@expandcount=\count303

(C:\Users\Gabe Hollis\AppData\Local\Programs\MiKTeX\tex/generic/pgf/frontendlay
er/tikz/libraries\tikzlibrarytopaths.code.tex
File: tikzlibrarytopaths.code.tex 2025-08-29 v3.1.11a (3.1.11a)
)))
(C:\Users\Gabe Hollis\AppData\Local\Programs\MiKTeX\tex/generic/pgf/frontendlay
er/tikz/libraries\tikzlibraryshapes.code.tex
File: tikzlibraryshapes.code.tex 2025-08-29 v3.1.11a (3.1.11a)

(C:\Users\Gabe Hollis\AppData\Local\Programs\MiKTeX\tex/generic/pgf/frontendlay
er/tikz/libraries\tikzlibraryshapes.geometric.code.tex
File: tikzlibraryshapes.geometric.code.tex 2025-08-29 v3.1.11a (3.1.11a)

(C:\Users\Gabe Hollis\AppData\Local\Programs\MiKTeX\tex/generic/pgf/libraries/s
hapes\pgflibraryshapes.geometric.code.tex
File: pgflibraryshapes.geometric.code.tex 2025-08-29 v3.1.11a (3.1.11a)
))
(C:\Users\Gabe Hollis\AppData\Local\Programs\MiKTeX\tex/generic/pgf/frontendlay
er/tikz/libraries\tikzlibraryshapes.misc.code.tex
File: tikzlibraryshapes.misc.code.tex 2025-08-29 v3.1.11a (3.1.11a)

(C:\Users\Gabe Hollis\AppData\Local\Programs\MiKTeX\tex/generic/pgf/libraries/s
hapes\pgflibraryshapes.misc.code.tex
File: pgflibraryshapes.misc.code.tex 2025-08-29 v3.1.11a (3.1.11a)
))
(C:\Users\Gabe Hollis\AppData\Local\Programs\MiKTeX\tex/generic/pgf/frontendlay
er/tikz/libraries\tikzlibraryshapes.symbols.code.tex
File: tikzlibraryshapes.symbols.code.tex 2025-08-29 v3.1.11a (3.1.11a)

(C:\Users\Gabe Hollis\AppData\Local\Programs\MiKTeX\tex/generic/pgf/libraries/s
hapes\pgflibraryshapes.symbols.code.tex
File: pgflibraryshapes.symbols.code.tex 2025-08-29 v3.1.11a (3.1.11a)
))
(C:\Users\Gabe Hollis\AppData\Local\Programs\MiKTeX\tex/generic/pgf/frontendlay
er/tikz/libraries\tikzlibraryshapes.arrows.code.tex
File: tikzlibraryshapes.arrows.code.tex 2025-08-29 v3.1.11a (3.1.11a)

(C:\Users\Gabe Hollis\AppData\Local\Programs\MiKTeX\tex/generic/pgf/libraries/s
hapes\pgflibraryshapes.arrows.code.tex
File: pgflibraryshapes.arrows.code.tex 2025-08-29 v3.1.11a (3.1.11a)
))
(C:\Users\Gabe Hollis\AppData\Local\Programs\MiKTeX\tex/generic/pgf/frontendlay
er/tikz/libraries\tikzlibraryshapes.callouts.code.tex
(C:\Users\Gabe Hollis\AppData\Local\Programs\MiKTeX\tex/generic/pgf/libraries/s
hapes\pgflibraryshapes.callouts.code.tex))
(C:\Users\Gabe Hollis\AppData\Local\Programs\MiKTeX\tex/generic/pgf/frontendlay
er/tikz/libraries\tikzlibraryshapes.multipart.code.tex
File: tikzlibraryshapes.multipart.code.tex 2025-08-29 v3.1.11a (3.1.11a)

(C:\Users\Gabe Hollis\AppData\Local\Programs\MiKTeX\tex/generic/pgf/libraries/s
hapes\pgflibraryshapes.multipart.code.tex
File: pgflibraryshapes.multipart.code.tex 2025-08-29 v3.1.11a (3.1.11a)
\pgfnodepartlowerbox=\box64
\pgfnodeparttwobox=\box65
\pgfnodepartthreebox=\box66
\pgfnodepartfourbox=\box67
\pgfnodeparttwentybox=\box68
\pgfnodepartnineteenbox=\box69
\pgfnodeparteighteenbox=\box70
\pgfnodepartseventeenbox=\box71
\pgfnodepartsixteenbox=\box72
\pgfnodepartfifteenbox=\box73
\pgfnodepartfourteenbox=\box74
\pgfnodepartthirteenbox=\box75
\pgfnodeparttwelvebox=\box76
\pgfnodepartelevenbox=\box77
\pgfnodeparttenbox=\box78
\pgfnodepartninebox=\box79
\pgfnodeparteightbox=\box80
\pgfnodepartsevenbox=\box81
\pgfnodepartsixbox=\box82
\pgfnodepartfivebox=\box83
)))
(C:\Users\Gabe Hollis\AppData\Local\Programs\MiKTeX\tex/generic/pgf/frontendlay
er/tikz/libraries\tikzlibraryfit.code.tex
File: tikzlibraryfit.code.tex 2025-08-29 v3.1.11a (3.1.11a)
)
(C:\Users\Gabe Hollis\AppData\Local\Programs\MiKTeX\tex/generic/pgf/frontendlay
er/tikz/libraries\tikzlibrarycalc.code.tex
File: tikzlibrarycalc.code.tex 2025-08-29 v3.1.11a (3.1.11a)
)
(C:\Users\Gabe Hollis\AppData\Local\Programs\MiKTeX\tex/generic/pgf/libraries\p
gflibraryintersections.code.tex
(C:\Users\Gabe Hollis\AppData\Local\Programs\MiKTeX\tex/generic/pgf/libraries\p
gflibraryfpu.code.tex)
\pgf@intersect@solutions=\count304
)
(C:\Users\Gabe Hollis\AppData\Local\Programs\MiKTeX\tex/latex/pgfopts\pgfopts.s
ty
Package: pgfopts 2014/07/10 v2.1a LaTeX package options with pgfkeys
\pgfopts@list@add@a@toks=\toks30
\pgfopts@list@add@b@toks=\toks31
)
(C:\Users\Gabe Hollis\AppData\Local\Programs\MiKTeX\tex/latex/etoolbox\etoolbox
.sty
Package: etoolbox 2025/10/02 v2.5m e-TeX tools for LaTeX (JAW)
\etb@tempcnta=\count305
)
(C:\Users\Gabe Hollis\AppData\Local\Programs\MiKTeX\tex/latex/elocalloc\elocall
oc.sty
Package: elocalloc 2016/12/15 v0.03 local allocation for LaTeX 2015+ (DPC)
)
(C:\Users\Gabe Hollis\AppData\Local\Programs\MiKTeX\tex/latex/environ\environ.s
ty
Package: environ 2014/05/04 v0.3 A new way to define environments

(C:\Users\Gabe Hollis\AppData\Local\Programs\MiKTeX\tex/latex/trimspaces\trimsp
aces.sty
Package: trimspaces 2009/09/17 v1.1 Trim spaces around a token list
)
\@envbody=\toks32
)
(C:\Users\Gabe Hollis\AppData\Local\Programs\MiKTeX\tex/latex/l3packages/xparse
\xparse.sty
(C:\Users\Gabe Hollis\AppData\Local\Programs\MiKTeX\tex/latex/l3kernel\expl3.st
y
Package: expl3 2025-12-24 L3 programming layer (loader) 

(C:\Users\Gabe Hollis\AppData\Local\Programs\MiKTeX\tex/latex/l3backend\l3backe
nd-pdftex.def
File: l3backend-pdftex.def 2025-10-09 L3 backend support: PDF output (pdfTeX)
\l__color_backend_stack_int=\count306
))
Package: xparse 2025-10-09 L3 Experimental document command parser
)
(C:\Users\Gabe Hollis\AppData\Local\Programs\MiKTeX\tex/latex/inlinedef\inlined
ef.sty
Package: inlinedef 2008/07/10 v1.0 Inlined expansions within definitions
\ID@toks=\toks33
\ID@count=\count307
)
\ID@usercommands=\toks34
\safeloop@depth=\count308
\safeRKloop@depth=\count309
\forest@temp@dimen=\dimen257
\forest@temp@count=\count310
\forest@n=\count311
\forest@temp@global@count=\count312
\forest@temp@toks=\toks35
\forest@temparray@M=\count313
\forest@temparray@N=\count314
\forest@global@temparray@M=\count315
\forest@global@temparray@N=\count316
\forest@isnum@count=\count317
\forest@isdim@nonintpart=\count318
\forest@isdim@dimen=\dimen258
\forest@sort@m=\count319
\forest@sort@k=\count320
\forest@sort@p=\count321
\bracket@content=\toks36
\bracket@afterthought=\toks37
\forest@node@maxid=\count322
\forest@process@left@M=\count323
\forest@process@left@N=\count324
\forest@process@right@M=\count325
\forest@process@right@N=\count326
\forest@process@saved@M=\count327
\forest@process@saved@N=\count328
\forest@process@result@M=\count329
\forest@process@result@N=\count330
\forest@process@n=\count331
\forest@nodewalk@branch@toks=\toks38
\forest@nodewalk@shortsteps@resolution=\toks39
\forest@do@dynamics=\toks40
\forest@box=\box84
\forest@xg=\dimen259
\forest@yg=\dimen260
\forest@xs=\dimen261
\forest@ys=\dimen262
\forest@pi@toks=\toks41
\forest@segment@toks=\toks42
\forest@PIi@toks=\toks43
\forest@PIii@toks=\toks44
\forest@copy@in=\read3
\forest@copy@out=\write4
\forest@externalize@max@outer@n=\count332
\forest@externalize@inner@n=\count333
)
(C:\Users\Gabe Hollis\AppData\Local\Programs\MiKTeX\tex/latex/forest\forest-lib
-linguistics.sty
Package: forest-lib-linguistics 2017/07/14 v0.1.2
\standardnodestrutbox=\box85
)
(C:\Users\Gabe Hollis\AppData\Local\Programs\MiKTeX\tex/latex/spverbatim\spverb
atim.sty
Package: spverbatim 2009/08/10 v1.0 Verbatim with breakable spaces
)
(C:\Users\Gabe Hollis\AppData\Local\Programs\MiKTeX\tex/latex/hyperref\hyperref
.sty
Package: hyperref 2025-07-12 v7.01o Hypertext links for LaTeX

(C:\Users\Gabe Hollis\AppData\Local\Programs\MiKTeX\tex/generic/iftex\iftex.sty
Package: iftex 2024/12/12 v1.0g TeX engine tests
)
(C:\Users\Gabe Hollis\AppData\Local\Programs\MiKTeX\tex/latex/kvsetkeys\kvsetke
ys.sty
Package: kvsetkeys 2022-10-05 v1.19 Key value parser (HO)
)
(C:\Users\Gabe Hollis\AppData\Local\Programs\MiKTeX\tex/generic/kvdefinekeys\kv
definekeys.sty
Package: kvdefinekeys 2019-12-19 v1.6 Define keys (HO)
)
(C:\Users\Gabe Hollis\AppData\Local\Programs\MiKTeX\tex/generic/pdfescape\pdfes
cape.sty
Package: pdfescape 2019/12/09 v1.15 Implements pdfTeX's escape features (HO)

(C:\Users\Gabe Hollis\AppData\Local\Programs\MiKTeX\tex/generic/ltxcmds\ltxcmds
.sty
Package: ltxcmds 2023-12-04 v1.26 LaTeX kernel commands for general use (HO)
)
(C:\Users\Gabe Hollis\AppData\Local\Programs\MiKTeX\tex/generic/pdftexcmds\pdft
excmds.sty
Package: pdftexcmds 2020-06-27 v0.33 Utility functions of pdfTeX for LuaTeX (HO
)

(C:\Users\Gabe Hollis\AppData\Local\Programs\MiKTeX\tex/generic/infwarerr\infwa
rerr.sty
Package: infwarerr 2019/12/03 v1.5 Providing info/warning/error messages (HO)
)
Package pdftexcmds Info: \pdf@primitive is available.
Package pdftexcmds Info: \pdf@ifprimitive is available.
Package pdftexcmds Info: \pdfdraftmode found.
))
(C:\Users\Gabe Hollis\AppData\Local\Programs\MiKTeX\tex/latex/hycolor\hycolor.s
ty
Package: hycolor 2020-01-27 v1.10 Color options for hyperref/bookmark (HO)
)
(C:\Users\Gabe Hollis\AppData\Local\Programs\MiKTeX\tex/latex/hyperref\nameref.
sty
Package: nameref 2025-06-21 v2.57 Cross-referencing by name of section

(C:\Users\Gabe Hollis\AppData\Local\Programs\MiKTeX\tex/latex/refcount\refcount
.sty
Package: refcount 2019/12/15 v3.6 Data extraction from label references (HO)
)
(C:\Users\Gabe Hollis\AppData\Local\Programs\MiKTeX\tex/generic/gettitlestring\
gettitlestring.sty
Package: gettitlestring 2019/12/15 v1.6 Cleanup title references (HO)

(C:\Users\Gabe Hollis\AppData\Local\Programs\MiKTeX\tex/latex/kvoptions\kvoptio
ns.sty
Package: kvoptions 2022-06-15 v3.15 Key value format for package options (HO)
))
\c@section@level=\count334
)
(C:\Users\Gabe Hollis\AppData\Local\Programs\MiKTeX\tex/generic/stringenc\strin
genc.sty
Package: stringenc 2019/11/29 v1.12 Convert strings between diff. encodings (HO
)
)
\@linkdim=\dimen263
\Hy@linkcounter=\count335
\Hy@pagecounter=\count336

(C:\Users\Gabe Hollis\AppData\Local\Programs\MiKTeX\tex/latex/hyperref\pd1enc.d
ef
File: pd1enc.def 2025-07-12 v7.01o Hyperref: PDFDocEncoding definition (HO)
Now handling font encoding PD1 ...
... no UTF-8 mapping file for font encoding PD1
)
(C:\Users\Gabe Hollis\AppData\Local\Programs\MiKTeX\tex/generic/intcalc\intcalc
.sty
Package: intcalc 2019/12/15 v1.3 Expandable calculations with integers (HO)
)
\Hy@SavedSpaceFactor=\count337

(C:\Users\Gabe Hollis\AppData\Local\Programs\MiKTeX\tex/latex/hyperref\puenc.de
f
File: puenc.def 2025-07-12 v7.01o Hyperref: PDF Unicode definition (HO)
Now handling font encoding PU ...
... no UTF-8 mapping file for font encoding PU
)
Package hyperref Info: Hyper figures OFF on input line 4195.
Package hyperref Info: Link nesting OFF on input line 4200.
Package hyperref Info: Hyper index ON on input line 4203.
Package hyperref Info: Plain pages OFF on input line 4210.
Package hyperref Info: Backreferencing OFF on input line 4215.
Package hyperref Info: Implicit mode ON; LaTeX internals redefined.
Package hyperref Info: Bookmarks ON on input line 4462.
\c@Hy@tempcnt=\count338
 (C:\Users\Gabe Hollis\AppData\Local\Programs\MiKTeX\tex/latex/url\url.sty
\Urlmuskip=\muskip17
Package: url 2013/09/16  ver 3.4  Verb mode for urls, etc.
)
LaTeX Info: Redefining \url on input line 4801.
\XeTeXLinkMargin=\dimen264

(C:\Users\Gabe Hollis\AppData\Local\Programs\MiKTeX\tex/generic/bitset\bitset.s
ty
Package: bitset 2019/12/09 v1.3 Handle bit-vector datatype (HO)

(C:\Users\Gabe Hollis\AppData\Local\Programs\MiKTeX\tex/generic/bigintcalc\bigi
ntcalc.sty
Package: bigintcalc 2019/12/15 v1.5 Expandable calculations on big integers (HO
)
))
\Fld@menulength=\count339
\Field@Width=\dimen265
\Fld@charsize=\dimen266
Package hyperref Info: Hyper figures OFF on input line 6078.
Package hyperref Info: Link nesting OFF on input line 6083.
Package hyperref Info: Hyper index ON on input line 6086.
Package hyperref Info: backreferencing OFF on input line 6093.
Package hyperref Info: Link coloring OFF on input line 6098.
Package hyperref Info: Link coloring with OCG OFF on input line 6103.
Package hyperref Info: PDF/A mode OFF on input line 6108.
\Hy@abspage=\count340
\c@Item=\count341
\c@Hfootnote=\count342
)
Package hyperref Info: Driver (autodetected): hpdftex.

(C:\Users\Gabe Hollis\AppData\Local\Programs\MiKTeX\tex/latex/hyperref\hpdftex.
def
File: hpdftex.def 2025-07-12 v7.01o Hyperref driver for pdfTeX
\Fld@listcount=\count343
\c@bookmark@seq@number=\count344

(C:\Users\Gabe Hollis\AppData\Local\Programs\MiKTeX\tex/latex/rerunfilecheck\re
runfilecheck.sty
Package: rerunfilecheck 2025-06-21 v1.11 Rerun checks for auxiliary files (HO)

(C:\Users\Gabe Hollis\AppData\Local\Programs\MiKTeX\tex/generic/uniquecounter\u
niquecounter.sty
Package: uniquecounter 2019/12/15 v1.4 Provide unlimited unique counter (HO)
)
Package uniquecounter Info: New unique counter `rerunfilecheck' on input line 2
84.
)
\Hy@SectionHShift=\skip51
)
(C:\Users\Gabe Hollis\AppData\Local\Programs\MiKTeX\tex/latex/amsfonts\amssymb.
sty
Package: amssymb 2013/01/14 v3.01 AMS font symbols

(C:\Users\Gabe Hollis\AppData\Local\Programs\MiKTeX\tex/latex/amsfonts\amsfonts
.sty
Package: amsfonts 2013/01/14 v3.01 Basic AMSFonts support
\@emptytoks=\toks45
\symAMSa=\mathgroup4
\symAMSb=\mathgroup5
LaTeX Font Info:    Redeclaring math symbol \hbar on input line 98.
LaTeX Font Info:    Overwriting math alphabet `\mathfrak' in version `bold'
(Font)                  U/euf/m/n --> U/euf/b/n on input line 106.
)) (Aurum264Latex.aux)
\openout1 = `Aurum264Latex.aux'.

LaTeX Font Info:    Checking defaults for OML/cmm/m/it on input line 15.
LaTeX Font Info:    ... okay on input line 15.
LaTeX Font Info:    Checking defaults for OMS/cmsy/m/n on input line 15.
LaTeX Font Info:    ... okay on input line 15.
LaTeX Font Info:    Checking defaults for OT1/cmr/m/n on input line 15.
LaTeX Font Info:    ... okay on input line 15.
LaTeX Font Info:    Checking defaults for T1/cmr/m/n on input line 15.
LaTeX Font Info:    ... okay on input line 15.
LaTeX Font Info:    Checking defaults for TS1/cmr/m/n on input line 15.
LaTeX Font Info:    ... okay on input line 15.
LaTeX Font Info:    Checking defaults for OMX/cmex/m/n on input line 15.
LaTeX Font Info:    ... okay on input line 15.
LaTeX Font Info:    Checking defaults for U/cmr/m/n on input line 15.
LaTeX Font Info:    ... okay on input line 15.
LaTeX Font Info:    Checking defaults for PD1/pdf/m/n on input line 15.
LaTeX Font Info:    ... okay on input line 15.
LaTeX Font Info:    Checking defaults for PU/pdf/m/n on input line 15.
LaTeX Font Info:    ... okay on input line 15.

(C:\Users\Gabe Hollis\AppData\Local\Programs\MiKTeX\tex/context/base/mkii\supp-
pdf.mkii
[Loading MPS to PDF converter (version 2006.09.02).]
\scratchcounter=\count345
\scratchdimen=\dimen267
\scratchbox=\box86
\nofMPsegments=\count346
\nofMParguments=\count347
\everyMPshowfont=\toks46
\MPscratchCnt=\count348
\MPscratchDim=\dimen268
\MPnumerator=\count349
\makeMPintoPDFobject=\count350
\everyMPtoPDFconversion=\toks47
)
(C:\Users\Gabe Hollis\AppData\Local\Programs\MiKTeX\tex/latex/epstopdf-pkg\epst
opdf-base.sty
Package: epstopdf-base 2020-01-24 v2.11 Base part for package epstopdf
Package epstopdf-base Info: Redefining graphics rule for `.eps' on input line 4
85.

(C:\Users\Gabe Hollis\AppData\Local\Programs\MiKTeX\tex/latex/00miktex\epstopdf
-sys.cfg
File: epstopdf-sys.cfg 2021/03/18 v2.0 Configuration of epstopdf for MiKTeX
))
Package hyperref Info: Link coloring OFF on input line 15.
 (Aurum264Latex.out) (Aurum264Latex.out)
\@outlinefile=\write5
\openout5 = `Aurum264Latex.out'.

LaTeX Font Info:    Trying to load font information for U+msa on input line 17.


(C:\Users\Gabe Hollis\AppData\Local\Programs\MiKTeX\tex/latex/amsfonts\umsa.fd
File: umsa.fd 2013/01/14 v3.01 AMS symbols A
)
LaTeX Font Info:    Trying to load font information for U+msb on input line 17.

(C:\Users\Gabe Hollis\AppData\Local\Programs\MiKTeX\tex/latex/amsfonts\umsb.fd
File: umsb.fd 2013/01/14 v3.01 AMS symbols B
)
Overfull \hbox (13.03603pt too wide) in paragraph at lines 20--25
\OT1/cmr/m/n/10.95 This doc-u-ment will change as the Au-rum pro-gram-ming lan-
guage changes. 
 []

[1

{C:/Users/Gabe Hollis/AppData/Local/MiKTeX/fonts/map/pdftex/pdftex.map}]
(Aurum264Latex.toc [2] [3])
\tf@toc=\write6
\openout6 = `Aurum264Latex.toc'.

 [4] [5] [6]

Package hyperref Warning: Difference (2) between bookmark levels is greater 
(hyperref)                than one, level fixed on input line 56.

[7] [8] [1] [2] [3]
Overfull \hbox (79.30023pt too wide) in paragraph at lines 160--160
[] \OT1/cmtt/m/n/12 1, 2, fizz, 4, buzz, 5, fizz, 7, 8, 9, buzz, 10, 11, fizz, 
13, 14, fizzbuzz 
 []

[4]
Underfull \hbox (badness 10000) in paragraph at lines 188--188
[]   \OT1/cmtt/m/n/12 [KW(function),[] IDENTIFIER(fizzbuzz),[] GROUPING((),[]
 []


Underfull \hbox (badness 10000) in paragraph at lines 188--188
\OT1/cmtt/m/n/12 KW(int),[] IDENTIFIER(amt),[] GROUPING())[] KW($\rightarrow$)[
]
 []


Underfull \hbox (badness 10000) in paragraph at lines 188--188
\OT1/cmtt/m/n/12 KW(void)[] GROUPING({),[] KW(for),[] GROUPING((),[] KW(int),[]

 []


Underfull \hbox (badness 10000) in paragraph at lines 188--188
\OT1/cmtt/m/n/12 IDENTIFIER(n),[] OP(=),[] NUMBER(1),[] DELIM(;),[] IDENTIFIER(
n),[]
 []


Underfull \hbox (badness 10000) in paragraph at lines 188--188
\OT1/cmtt/m/n/12 OP(<=),[] IDENTIFIER(amt),[] DELIM(;),[] IDENTIFIER(n),[] OP(+
+),[]
 []


Underfull \hbox (badness 10000) in paragraph at lines 188--188
\OT1/cmtt/m/n/12 GROUPING()),[] GROUPING({),[] KW(if),[] GROUPING((),[] GROUPIN
G((),[]
 []


Underfull \hbox (badness 10000) in paragraph at lines 188--188
\OT1/cmtt/m/n/12 IDENTIFIER(n),[] OP(%),[] NUMBER(3),[] OP(==),[] NUMBER(0),[]
 []


Underfull \hbox (badness 10000) in paragraph at lines 188--188
\OT1/cmtt/m/n/12 GROUPING()),[] OP(&&),[] GROUPING((),[] IDENTIFIER(n),[] OP(%)
,[]
 []


Underfull \hbox (badness 10000) in paragraph at lines 188--188
\OT1/cmtt/m/n/12 NUMBER(5),[] OP(!=)[] NUMBER(0),[] GROUPING()),[] GROUPING()),
[]
 []


Underfull \hbox (badness 10000) in paragraph at lines 188--188
\OT1/cmtt/m/n/12 GROUPING({),[] IDENTIFIER(print),[] GROUPING((),[] STRING(fizz
\n),[]
 []


Underfull \hbox (badness 10000) in paragraph at lines 188--188
\OT1/cmtt/m/n/12 GROUPING()),[] DELIM(;),[] GROUPING(}),KW(elif),[] GROUPING(()
,[]
 []


Underfull \hbox (badness 10000) in paragraph at lines 188--188
\OT1/cmtt/m/n/12 GROUPING((),[] IDENTIFIER(n),[] OP(%),[] NUMBER(5),[] OP(==),[
]
 []


Underfull \hbox (badness 10000) in paragraph at lines 188--188
\OT1/cmtt/m/n/12 NUMBER(0),[] GROUPING()),[] OP(&&),[] GROUPING((),[] IDENTIFIE
R(n),[]
 []


Underfull \hbox (badness 10000) in paragraph at lines 188--188
\OT1/cmtt/m/n/12 OP(%),[] NUMBER(3),[] OP(!=),[] NUMBER(0),[] GROUPING()),[] GR
OUPING()),[]
 []


Underfull \hbox (badness 10000) in paragraph at lines 188--188
\OT1/cmtt/m/n/12 GROUPING({),[] IDENTIFIER(print),[] GROUPING((),[] STRING(buzz
\n),[]
 []


Underfull \hbox (badness 10000) in paragraph at lines 188--188
\OT1/cmtt/m/n/12 GROUPING()),[] DELIM(;),[] GROUPING(}),[] KW(elif),[] GROUPING
((),[]
 []


Underfull \hbox (badness 10000) in paragraph at lines 188--188
\OT1/cmtt/m/n/12 GROUPING((),[] IDENTIFIER(n),[] OP(%),[] NUMBER(5),[] OP(==),[
]
 []


Underfull \hbox (badness 10000) in paragraph at lines 188--188
\OT1/cmtt/m/n/12 NUMBER(0),[] GROUPING()),[] OP(&&),[] GROUPING((),[] IDENTIFIE
R(n),[]
 []


Underfull \hbox (badness 10000) in paragraph at lines 188--188
\OT1/cmtt/m/n/12 OP(%),[] NUMBER(3),[] OP(==),[] NUMBER(0),[] GROUPING()),[]
 []


Underfull \hbox (badness 10000) in paragraph at lines 188--188
\OT1/cmtt/m/n/12 GROUPING()),[] GROUPING({),[] IDENTIFIER(print),[] GROUPING(()
,[]
 []


Underfull \hbox (badness 10000) in paragraph at lines 188--188
\OT1/cmtt/m/n/12 STRING(fizzbuzz\n),[] GROUPING()),[] DELIM(;),[] GROUPING(}),[
]
 []


Underfull \hbox (badness 10000) in paragraph at lines 188--188
\OT1/cmtt/m/n/12 KW(else),[] GROUPING({),[] IDENTIFIER(print),[] GROUPING((),[]

 []


Underfull \hbox (badness 10000) in paragraph at lines 188--188
\OT1/cmtt/m/n/12 STRING(%i),[] DELIM(,),[] IDENTIFIER(n),[] GROUPING()),[] DELI
M(;),[]
 []

[5]
Overfull \hbox (5.2002pt too wide) in paragraph at lines 212--212
[]   \OT1/cmtt/m/n/12 ASTType type : 8; // Types not shown, but ASTType is an e
num.[] 
 []


Overfull \hbox (50.30977pt too wide) in paragraph at lines 220--222
\OT1/cmr/m/n/12 From high-est prece-dence to least prece-dence, Au-rum uses: $\
OML/cmm/m/it/12 Unary > Exponentiation >
 []


Overfull \hbox (23.23015pt too wide) in paragraph at lines 220--222
\OML/cmm/m/it/12 Multiplication=Division > Addition=Subtraction > Bitshift > Co
mparison >
 []

[6]
Underfull \hbox (badness 10000) in paragraph at lines 224--225

 []


Overfull \hbox (106.25592pt too wide) in paragraph at lines 250--251
[][] 
 []

[7]
Overfull \hbox (5.2002pt too wide) in paragraph at lines 276--276
[]  \OT1/cmtt/m/n/12 typedef[] enum[] opCode[] {.[] .[] .[] implementation[] no
t[] shown;[] see[] Stack[]
 []

[8] [9]
LaTeX Font Info:    Trying to load font information for OMS+cmr on input line 3
12.

(C:\Users\Gabe Hollis\AppData\Local\Programs\MiKTeX\tex/latex/base\omscmr.fd
File: omscmr.fd 2024/11/19 v2.5n Standard LaTeX font definitions
)
LaTeX Font Info:    Font shape `OMS/cmr/m/n' in size <12> not available
(Font)              Font shape `OMS/cmsy/m/n' tried instead on input line 312.

[10]
Overfull \vbox (99.20824pt too high) has occurred while \output is active []


[11] [12] [13]
Overfull \hbox (29.9002pt too wide) in paragraph at lines 483--483
[]  \OT1/cmtt/m/n/12 0xFFA12[] -[] Interprets[] the[] number[] as[] a[] hex[] l
iteral[] (Converts[] it[] into[]
 []


Overfull \hbox (36.07521pt too wide) in paragraph at lines 483--483
[]  \OT1/cmtt/m/n/12 0d91247[] -[] Interprets[] the[] number[] as[] a[] decimal
[] literal[] (Does[] nothing)[] 
 []


Overfull \hbox (11.3752pt too wide) in paragraph at lines 483--483
[]  \OT1/cmtt/m/n/12 0o77127[] -[] Interprets[] the[] number[] as[] a[] octal[]
 literal[] (Converts[] it[]
 []


Overfull \hbox (17.5502pt too wide) in paragraph at lines 483--483
[]  \OT1/cmtt/m/n/12 0b10110[] -[] Interprets[] the[] number[] as[] a[] binary[
] literal[] (Converts[] it[]
 []


LaTeX Warning: `h' float specifier changed to `ht'.

[14]
Overfull \hbox (63.6264pt too wide) in paragraph at lines 511--514
\OT1/cmr/m/n/12 Array lit-er-als can be de-clared in the fol-low-ing for-mat: [
][]\OT1/cmtt/m/n/12 [elementOne, elementTwo, ...][]\OT1/cmr/m/n/12 .
 []


Overfull \hbox (5.2002pt too wide) in paragraph at lines 518--518
[]  \OT1/cmtt/m/n/12 [1,[] 2,[] 3][] ->[] GROUPING([)[] NUMBER(1)[] COMMA(,)[] 
NUMBER(2)[] COMMA(,)[]
 []

Missing character: There is no , in font nullfont!
Missing character: There is no , in font nullfont!
[15] [16] [17] [18] [19]
Overfull \hbox (85.94379pt too wide) in paragraph at lines 657--658
[]\OT1/cmr/m/n/12 During lex-ing, vari-ables are treated as [][]\OT1/cmtt/m/n/1
2 [KW(specifier),[] KW(type),[] IDENTIFIER(name),[]
 []


Overfull \hbox (58.72714pt too wide) in paragraph at lines 667--675
[][] [] 
 []


Overfull \hbox (42.56581pt too wide) in paragraph at lines 659--679
\OT1/cmr/m/n/12 cod-ing, as-sign-ment & dec-la-ra-tion are con-verted into one 
in-struc-tion: STORE[]LOCAL
 []

[20]
Overfull \hbox (118.49074pt too wide) in paragraph at lines 701--731
[]
 []

[21] [22]
Overfull \hbox (23.7252pt too wide) in paragraph at lines 788--788
[]    \OT1/cmtt/m/n/12 return[] this;[] `[] Important:[] Constructors[] must[] 
always[] return[] this.[] 
 []


Overfull \hbox (13.1075pt too wide) in paragraph at lines 793--794
\OT1/cmr/m/n/12 actually passed; [][]\OT1/cmtt/m/n/12 structName_functionName(s
p,[] param1,[] param2)[]\OT1/cmr/m/n/12 , and
 []

[23] [24]
Overfull \hbox (9.87488pt too wide) in paragraph at lines 870--870
 []    \OT1/cmtt/m/n/12 (a(1,2)[] +[] a(3,2)).b[] `[] ILLEGAL,[] operator[] ove
rloading[] only[]
 []


Overfull \hbox (22.22488pt too wide) in paragraph at lines 870--870
 \OT1/cmtt/m/n/12 works[] with[] simple[] expressions[] (No[] func[] calls,[] s
truct[] accesses,[]
 []


Overfull \hbox (96.32492pt too wide) in paragraph at lines 870--870
 \OT1/cmtt/m/n/12 or[] array[] accesses.).[] The[] alternative[] here[] would[]
 be[] a(3,2).op_add(a(1,2)).b[] 
 []

[25]
Overfull \hbox (19.07474pt too wide) in paragraph at lines 893--894
\OT1/cmr/m/n/12 sys-tem structs, sim-ply by declar-ing a func-tion named [][]\O
T1/cmtt/m/n/12 array_functionName
 []

[26]
Overfull \hbox (14.55728pt too wide) in paragraph at lines 899--900
\OT1/cmr/m/n/12 multidimensional ar-rays; [][]\OT1/cmtt/m/n/12 double128[][] mu
ltidim[] =[] [[2ld,[] 3ld,[] 4ld],[]
 []

[27] [28]
Overfull \hbox (86.92804pt too wide) in paragraph at lines 961--969
[][]
 []

[29]

LaTeX Warning: `h' float specifier changed to `ht'.


LaTeX Warning: `h' float specifier changed to `ht'.

[30] [31] [32] [33]
Overfull \hbox (12.95554pt too wide) in paragraph at lines 1143--1144
\OT1/cmr/m/n/12 func-tions on base con-ver-sions, ex-po-nents/logarithms, ge-om
-e-try, trigonom-
 []

[34]
Overfull \hbox (28.39989pt too wide) in paragraph at lines 1164--1164
 []   \OT1/cmtt/m/n/12 printInt("Number:",[] 5i)[] -[] Prints[] "Number:[] 5"[]
 to[] the[] console.[] 
 []


Overfull \hbox (16.04988pt too wide) in paragraph at lines 1164--1164
 []   \OT1/cmtt/m/n/12 printInt("Test:",[] 19l)[] -[] Prints[] "Test:[] 19"[] t
o[] the[] console.[] 
 []


Overfull \hbox (3.69987pt too wide) in paragraph at lines 1171--1171
 []   \OT1/cmtt/m/n/12 printDec("Number:",[] 5.1899i,[] 2);[] -[] Prints[] "Num
ber:[] 5.19"[]
 []


Overfull \hbox (28.39989pt too wide) in paragraph at lines 1171--1171
 []   \OT1/cmtt/m/n/12 printDec("Test:",[] 19.55ld,[] 9);[] -[] Prints[] "Test:
[] 19.550000000"[]
 []


Overfull \hbox (16.04988pt too wide) in paragraph at lines 1178--1178
 []   \OT1/cmtt/m/n/12 printString("Hello[] World!")[] -[] Prints[] "Hello[] Wo
rld!"[] to[] the[]
 []

[35]
Overfull \hbox (7.89297pt too wide) in paragraph at lines 1182--1183
[][][]\OT1/cmtt/m/n/12 %s []\OT1/cmr/m/n/12 - String e.x [][]\OT1/cmtt/m/n/12 p
rint("Message:[] %s",[] "Hello[] World!") $\OMS/cmsy/m/n/12 !$ []\OT1/cmr/m/n/1
2 "Mes-
 []

[36]
Overfull \hbox (9.87488pt too wide) in paragraph at lines 1205--1205
 []   \OT1/cmtt/m/n/12 scani("Enter[] a[] number:[] ")[] -[] Prints[] "Enter[] 
a[] number:[] "[] and[]
 []


Overfull \hbox (9.87488pt too wide) in paragraph at lines 1211--1211
 []   \OT1/cmtt/m/n/12 scani("Enter[] a[] number:[] ")[] -[] Prints[] "Enter[] 
a[] number:[] "[] and[]
 []


Overfull \hbox (46.9249pt too wide) in paragraph at lines 1219--1219
 []   \OT1/cmtt/m/n/12 scan("%d[] %i",[] a,[] b)[] -[] Prompts[] the[] user[] t
wice,[] 1st[] for[] a[] double,[]
 []


Overfull \hbox (28.39989pt too wide) in paragraph at lines 1219--1219
 \OT1/cmtt/m/n/12 and[] 2nd[] for[] an[] integer.[] Sets[] the[] value[] of[] a
[] to[] the[] first[] input,[]
 []


Underfull \hbox (badness 10000) in paragraph at lines 1219--1221

 []

[37]
Overfull \hbox (2.00899pt too wide) in paragraph at lines 1236--1237
[][][]\OT1/cmtt/m/n/12 strToDec(string)[] ->[] double128 []\OT1/cmr/m/n/12 - Co
n-verts a string into a dou-ble128.
 []


Overfull \hbox (28.39989pt too wide) in paragraph at lines 1259--1259
 []   \OT1/cmtt/m/n/12 int[] m[] =[] scaleInt(n,[] 32);[] -[] m[] is[] now[] a[
] integer[] with[] the[] value[]
 []

[38]
Overfull \hbox (3.69987pt too wide) in paragraph at lines 1273--1273
 []   \OT1/cmtt/m/n/12 double[] m[] =[] scaleDec(n,[] 64);[] -[] m[] is[] now[]
 a[] double[] with[] the[]
 []


Overfull \hbox (53.0999pt too wide) in paragraph at lines 1280--1280
 []   \OT1/cmtt/m/n/12 string[] m[] =[] newStr(n)[] -[] m[] is[] now[] a[] stri
ng[] whose[] value[] is[] "29.555"[] 
 []

[39]
Overfull \hbox (4.05258pt too wide) in paragraph at lines 1289--1290
[][][]\OT1/cmtt/m/n/12 toExp(float?,[] float?),[] toSciNo(double?)[] ->[] float
Conversion []\OT1/cmr/m/n/12 -
 []


Overfull \hbox (90.14992pt too wide) in paragraph at lines 1301--1301
 []    \OT1/cmtt/m/n/12 function[] floatConversion(double[][] arr,[] string[] s
tr)[] ->[] floatConversion[]
 []

[40]
Overfull \hbox (9.87488pt too wide) in paragraph at lines 1313--1314
[][][]\OT1/cmtt/m/n/12 array_push(any),[] array_append(any),[] array_insertElem
ent(any,[]
 []

[41]
Overfull \hbox (28.39989pt too wide) in paragraph at lines 1374--1374
 []   \OT1/cmtt/m/n/12 print("%a",[] arr.sort(&cmpstr));[] `[] ["dddd",[] "aaa"
,[] "cc",[] "b"][] 
 []


Overfull \hbox (34.57489pt too wide) in paragraph at lines 1374--1374
 []   \OT1/cmtt/m/n/12 print("%a",[] arr.sort(&cmpstr2));[] `[] ["b",[] "cc",[]
 "aaa",[] "dddd"][] 
 []


Overfull \hbox (22.22488pt too wide) in paragraph at lines 1384--1385
[][][]\OT1/cmtt/m/n/12 string_toUpper(int),[] string_toLower(int),[] string_swa
pCase(int)[]
 []


Overfull \hbox (34.57489pt too wide) in paragraph at lines 1391--1391
 []   \OT1/cmtt/m/n/12 print("\n%s\n",[] n.swapCase(3))[] `[] prints[] "hELlo[]
 World!".      [] 
 []

[42]
Overfull \hbox (9.87488pt too wide) in paragraph at lines 1399--1399
 []   \OT1/cmtt/m/n/12 string[] n[] =[] "The[] quick[] brown[] fox[] jumps[] ov
er[] the[] lazy[] dog";[] 
 []


Overfull \hbox (9.87488pt too wide) in paragraph at lines 1399--1399
 []   \OT1/cmtt/m/n/12 int[][] p[] =[] n.toLower(0).findOccurances("e");[] `[] 
[2,[] 28,[] 33][] 
 []


Overfull \hbox (23.10086pt too wide) in paragraph at lines 1400--1401
[][][]\OT1/cmtt/m/n/12 string_split(char)[] &[] string_splitStr(string)[] ->[] 
string[] []\OT1/cmr/m/n/12 - Splits
 []


Overfull \hbox (9.87488pt too wide) in paragraph at lines 1406--1406
 []   \OT1/cmtt/m/n/12 string[] n[] =[] "The[] quick[] brown[] fox[] jumps[] ov
er[] the[] lazy[] dog";[] 
 []


Overfull \hbox (34.57489pt too wide) in paragraph at lines 1406--1406
 []   \OT1/cmtt/m/n/12 string[][] a[] =[] n.split("[] ");[] `[] ["The",[] "quic
k",[] "brown",[] "fox",[]
 []


Overfull \hbox (22.22488pt too wide) in paragraph at lines 1406--1406
 []   \OT1/cmtt/m/n/12 string[][] b[] =[] n.split("e[] ");[] `[] ["Th",[] "quic
k[] brown[] fox[] jumps[]
 []


Overfull \hbox (9.87488pt too wide) in paragraph at lines 1414--1414
 []   \OT1/cmtt/m/n/12 string[] n[] =[] "The[] quick[] brown[] fox[] jumps[] ov
er[] the[] lazy[] dog";[] 
 []


Overfull \hbox (16.04988pt too wide) in paragraph at lines 1414--1414
 []   \OT1/cmtt/m/n/12 string[][] a[] =[] n.eqSplit(5);[] `[] ["The[] quic",[] 
"k[] brown[] ",[] "fox[]
 []


Overfull \hbox (46.9249pt too wide) in paragraph at lines 1414--1414
 \OT1/cmtt/m/n/12 jump",[] "s[] over[] t",[] "he[] lazy[] ",[] "dog"];[] 5[] eq
ual[] parts,[] and[] leftover[]
 []


Overfull \hbox (9.87488pt too wide) in paragraph at lines 1414--1414
 []   \OT1/cmtt/m/n/12 string[][] b[] =[] n.nSplit(5);[] `[] ["The[] q",[] "uic
k[] ",[] "brown",[] "[]
 []


Overfull \hbox (9.87488pt too wide) in paragraph at lines 1414--1414
 \OT1/cmtt/m/n/12 fox[] ",[] "jumps",[] "[] over",[] "[] the[] "[] "lazy[] "[] 
"dog"];[] Parts[] whose[]
 []


Overfull \hbox (28.39989pt too wide) in paragraph at lines 1415--1416
[][][]\OT1/cmtt/m/n/12 string_leftPad(int,[] char),[] string_rightPad(int,[] ch
ar)[] ->[] string
 []

[43]
Overfull \hbox (4.23055pt too wide) in paragraph at lines 1422--1423
[][][]\OT1/cmtt/m/n/12 string_replace(string,[] string)[] ->[] string []\OT1/cm
r/m/n/12 - Re-places all in-stances
 []


Overfull \hbox (9.87488pt too wide) in paragraph at lines 1427--1427
 []   \OT1/cmtt/m/n/12 string[] n[] =[] "The[] quick[] brown[] fox[] jumps[] ov
er[] the[] lazy[] dog";[] 
 []


Overfull \hbox (22.22488pt too wide) in paragraph at lines 1427--1427
 []   \OT1/cmtt/m/n/12 string[] m[] =[] n.toLower(0).replace("the",[] "string")
;[] `[] "string[]
 []


Overfull \hbox (34.57489pt too wide) in paragraph at lines 1436--1436
 []   \OT1/cmtt/m/n/12 string[] quadratic[] =[] formats("(-%i\pmsqrt(%i^2-4*%i*
%i)/2*%i)",[]
 []


Overfull \hbox (34.57338pt too wide) in paragraph at lines 1436--1436
 []   \OT1/cmtt/m/n/12 print("\n%s",[] quadratic)[] `[] prints[] "(-5\TS1/cmtt/
m/n/12 ±\OT1/cmtt/m/n/12 sqrt(5^2-4*2*10)/2*2)"[] 
 []

[44]
Underfull \hbox (badness 10000) in paragraph at lines 1454--1456

 []


Underfull \hbox (badness 10000) in paragraph at lines 1459--1461

 []


Underfull \hbox (badness 10000) in paragraph at lines 1465--1467

 []


Underfull \hbox (badness 10000) in paragraph at lines 1470--1472

 []

[45]
Underfull \hbox (badness 10000) in paragraph at lines 1476--1478

 []


Overfull \hbox (8.81226pt too wide) in paragraph at lines 1479--1480
[][][]\OT1/cmtt/m/n/12 const[] double[] M_SSUBNORMALD; []\OT1/cmr/m/n/12 - Smal
l-est sub-nor-mal dou-ble ($\OMS/cmsy/m/n/12 ^^Y \OT1/cmr/m/n/12 2[]$). 
 []


Underfull \hbox (badness 10000) in paragraph at lines 1480--1482

 []


Overfull \hbox (9.63162pt too wide) in paragraph at lines 1482--1483
[][][]\OT1/cmtt/m/n/12 const[] float[] M_LSUBNORMALF; []\OT1/cmr/m/n/12 - Large
st sub-nor-mal float ($\OMS/cmsy/m/n/12 ^^Y \OT1/cmr/m/n/12 (2 \OMS/cmsy/m/n/12
 ^^@ \OT1/cmr/m/n/12 (2[])) \OMS/cmsy/m/n/12 ^^C
 []


Underfull \hbox (badness 10000) in paragraph at lines 1484--1487

 []


Underfull \hbox (badness 10000) in paragraph at lines 1489--1492

 []

[46]
Overfull \hbox (47.45332pt too wide) in paragraph at lines 1498--1500
[][][]\OT1/cmtt/m/n/12 const[] double128[] M_LDMIN; []\OT1/cmr/m/n/12 - Small-e
st non-infinity dou-ble128 ($\OMS/cmsy/m/n/12 ^^@\OML/cmm/m/it/12 M[]LDMAX$\OT1
/cmr/m/n/12 ). 
 []


Overfull \hbox (7.32806pt too wide) in paragraph at lines 1502--1504
[][][]\OT1/cmtt/m/n/12 const[] char[] M_MAX8U[] =[] const[] char[] M_MAXUC[] =[
] 127 []\OT1/cmr/m/n/12 - Max-i-mum value
 []


Underfull \hbox (badness 10000) in paragraph at lines 1502--1504

 []


Underfull \hbox (badness 10000) in paragraph at lines 1505--1507

 []


Overfull \hbox (7.21333pt too wide) in paragraph at lines 1507--1508
[][][]\OT1/cmtt/m/n/12 const[] int[] M_MAX32[] =[] const[] int[] M_MAXI[] =[] 0
x7fffffff $\OMS/cmsy/m/n/12 ^^Y \OT1/cmr/m/n/12 2\OML/cmm/m/it/12 :\OT1/cmr/m/n
/12 1 \OMS/cmsy/m/n/12 ^^C \OT1/cmr/m/n/12 10[] =
 []


Overfull \hbox (2.94133pt too wide) in paragraph at lines 1508--1510
[][][]\OT1/cmtt/m/n/12 const[] uint[] M_MAX32U[] =[] const[] uint[] M_MAXUI[] =
[] 0xffffffff $\OMS/cmsy/m/n/12 ^^Y \OT1/cmr/m/n/12 4\OML/cmm/m/it/12 :\OT1/cmr
/m/n/12 2 \OMS/cmsy/m/n/12 ^^C
 []


Underfull \hbox (badness 10000) in paragraph at lines 1508--1510

 []


Overfull \hbox (3.69987pt too wide) in paragraph at lines 1510--1511
[][][]\OT1/cmtt/m/n/12 const[] long[] M_MAX64[] =[] const[] long[] M_MAXL[] =[]
 0x7fffffffffffffff
 []


Overfull \hbox (16.04988pt too wide) in paragraph at lines 1511--1512
[][][]\OT1/cmtt/m/n/12 const[] uint[] M_MAX32U[] =[] const[] uint[] M_MAXUI[] =
[] 0xffffffffffffffff
 []

[47]
Overfull \hbox (172.74861pt too wide) in paragraph at lines 1516--1517
\OT1/cmr/m/n/12 set: [][]\OT1/cmtt/m/n/12 0123456789ABCDEFGHIJKLMNOPQRSTUVWXYZa
bcdefghijklmnopqrstuvwxyz+/\\!@#$%^&*_-=;:'\"<>,?'[]\OT1/cmr/m/n/12 ,
 []


Overfull \hbox (2.6965pt too wide) in paragraph at lines 1518--1520
[][][]\OT1/cmtt/m/n/12 decToBase(double?,[] int,[] optional[] string)[] ->[] st
ring []\OT1/cmr/m/n/12 - Con-verts
 []


Underfull \hbox (badness 10000) in paragraph at lines 1518--1520

 []


Overfull \hbox (16.04988pt too wide) in paragraph at lines 1524--1524
 []    \OT1/cmtt/m/n/12 decToBase(M_PI32,[] 3);[] `[] Returns[] "10.01021101222
201021100"[] 
 []


Underfull \hbox (badness 10000) in paragraph at lines 1525--1527

 []


Overfull \hbox (46.9249pt too wide) in paragraph at lines 1531--1531
 []    \OT1/cmtt/m/n/12 baseToDec("10.01021101222201021100",[] 3ld);[] `[] Retu
rns[] 3.141593.[] 
 []


Overfull \hbox (41.89957pt too wide) in paragraph at lines 1534--1535
[][][]\OT1/cmtt/m/n/12 binToDec(string)[] ->[] double128[] &[] decToBin(double1
28)[] ->[] string
 []


Overfull \hbox (41.89957pt too wide) in paragraph at lines 1535--1536
[][][]\OT1/cmtt/m/n/12 octToDec(string)[] ->[] double128[] &[] decToOct(double1
28)[] ->[] string
 []


Overfull \hbox (41.89957pt too wide) in paragraph at lines 1536--1537
[][][]\OT1/cmtt/m/n/12 dozToDec(string)[] ->[] double128[] &[] decToDoz(double1
28)[] ->[] string
 []

[48]
Overfull \hbox (41.89957pt too wide) in paragraph at lines 1537--1538
[][][]\OT1/cmtt/m/n/12 hexToDec(string)[] ->[] double128[] &[] decToHex(double1
28)[] ->[] string
 []


Overfull \hbox (41.89957pt too wide) in paragraph at lines 1538--1539
[][][]\OT1/cmtt/m/n/12 B64ToDec(string)[] ->[] double128[] &[] decToB64(double1
28)[] ->[] string
 []


Overfull \hbox (103.5201pt too wide) in paragraph at lines 1538--1539
\OT1/cmr/m/n/12 dig-its [][]\OT1/cmtt/m/n/12 (0123456789ABCDEFGHIJKLMNOPQRSTUVW
XYZabcdefghijklmnopqrstuvwxyz+/) 
 []

[49]
Underfull \hbox (badness 10000) in paragraph at lines 1566--1568

 []


Overfull \hbox (7.62836pt too wide) in paragraph at lines 1571--1572
[][][]\OT1/cmtt/m/n/12 sinh(double?),[] sinhd(double?)[] ->[] double? []\OT1/cm
r/m/n/12 - Com-putes $[] \OML/cmm/m/it/12 ^^R$\OT1/cmr/m/n/12 . 
 []


Overfull \hbox (16.76715pt too wide) in paragraph at lines 1572--1573
[][][]\OT1/cmtt/m/n/12 asin(double?),[] asind(double?)[] ->[] double? []\OT1/cm
r/m/n/12 - Com-putes $[] \OML/cmm/m/it/12 ^^R$\OT1/cmr/m/n/12 .
 []


Overfull \hbox (31.33963pt too wide) in paragraph at lines 1573--1575
[][][]\OT1/cmtt/m/n/12 asinh(double?),[] asinhd(double?)[] ->[] double? []\OT1/
cmr/m/n/12 - Com-putes $[][] \OML/cmm/m/it/12 ^^R$\OT1/cmr/m/n/12 . 
 []


Underfull \hbox (badness 10000) in paragraph at lines 1573--1575

 []


Overfull \hbox (8.9339pt too wide) in paragraph at lines 1576--1577
[][][]\OT1/cmtt/m/n/12 cosh(double?),[] coshd(double?)[] ->[] double? []\OT1/cm
r/m/n/12 - Com-putes $[] \OML/cmm/m/it/12 ^^R$\OT1/cmr/m/n/12 . 
 []


Overfull \hbox (18.0727pt too wide) in paragraph at lines 1577--1578
[][][]\OT1/cmtt/m/n/12 acos(double?),[] acosd(double?)[] ->[] double? []\OT1/cm
r/m/n/12 - Com-putes $[] \OML/cmm/m/it/12 ^^R$\OT1/cmr/m/n/12 .
 []


Overfull \hbox (32.64517pt too wide) in paragraph at lines 1578--1580
[][][]\OT1/cmtt/m/n/12 acosh(double?),[] acoshd(double?)[] ->[] double? []\OT1/
cmr/m/n/12 - Com-putes $[][] \OML/cmm/m/it/12 ^^R$\OT1/cmr/m/n/12 .
 []


Underfull \hbox (badness 10000) in paragraph at lines 1578--1580

 []


Overfull \hbox (10.17416pt too wide) in paragraph at lines 1581--1582
[][][]\OT1/cmtt/m/n/12 tanh(double?),[] tanhd(double?)[] ->[] double? []\OT1/cm
r/m/n/12 - Com-putes $[] \OML/cmm/m/it/12 ^^R$\OT1/cmr/m/n/12 . 
 []


Overfull \hbox (19.31296pt too wide) in paragraph at lines 1582--1583
[][][]\OT1/cmtt/m/n/12 atan(double?),[] atand(double?)[] ->[] double? []\OT1/cm
r/m/n/12 - Com-putes $[] \OML/cmm/m/it/12 ^^R$\OT1/cmr/m/n/12 . 
 []


Overfull \hbox (33.88544pt too wide) in paragraph at lines 1583--1585
[][][]\OT1/cmtt/m/n/12 atanh(double?),[] atanhd(double?)[] ->[] double? []\OT1/
cmr/m/n/12 - Com-putes $[][] \OML/cmm/m/it/12 ^^R$\OT1/cmr/m/n/12 . 
 []


Underfull \hbox (badness 10000) in paragraph at lines 1583--1585

 []

[50]
Overfull \hbox (8.86862pt too wide) in paragraph at lines 1586--1587
[][][]\OT1/cmtt/m/n/12 coth(double?),[] cothd(double?)[] ->[] double? []\OT1/cm
r/m/n/12 - Com-putes $[] \OML/cmm/m/it/12 ^^R$\OT1/cmr/m/n/12 .
 []


Overfull \hbox (13.70218pt too wide) in paragraph at lines 1587--1588
[][][]\OT1/cmtt/m/n/12 acot(double?),[] acotd(double?)[] ->[] double? []\OT1/cm
r/m/n/12 - Com-putes $[][] \OML/cmm/m/it/12 ^^R$\OT1/cmr/m/n/12 . 
 []


Overfull \hbox (32.5799pt too wide) in paragraph at lines 1588--1590
[][][]\OT1/cmtt/m/n/12 acoth(double?),[] acothd(double?)[] ->[] double? []\OT1/
cmr/m/n/12 - Com-putes $[][] \OML/cmm/m/it/12 ^^R$\OT1/cmr/m/n/12 .
 []


Underfull \hbox (badness 10000) in paragraph at lines 1588--1590

 []


Overfull \hbox (7.4756pt too wide) in paragraph at lines 1591--1592
[][][]\OT1/cmtt/m/n/12 sech(double?),[] sechd(double?)[] ->[] double? []\OT1/cm
r/m/n/12 - Com-putes $\OML/cmm/m/it/12 sech^^R$\OT1/cmr/m/n/12 . 
 []


Overfull \hbox (13.11469pt too wide) in paragraph at lines 1592--1593
[][][]\OT1/cmtt/m/n/12 asec(double?),[] asecd(double?)[] ->[] double? []\OT1/cm
r/m/n/12 - Com-putes $[][] \OML/cmm/m/it/12 ^^R$\OT1/cmr/m/n/12 .
 []


Overfull \hbox (31.18687pt too wide) in paragraph at lines 1593--1595
[][][]\OT1/cmtt/m/n/12 asech(double?),[] asechd(double?)[] ->[] double? []\OT1/
cmr/m/n/12 - Com-putes $\OML/cmm/m/it/12 sech[]^^R$\OT1/cmr/m/n/12 .
 []


Underfull \hbox (badness 10000) in paragraph at lines 1593--1595

 []


Overfull \hbox (7.08669pt too wide) in paragraph at lines 1596--1597
[][][]\OT1/cmtt/m/n/12 csch(double?),[] cschd(double?)[] ->[] double? []\OT1/cm
r/m/n/12 - Com-putes $\OML/cmm/m/it/12 csch^^R$\OT1/cmr/m/n/12 .
 []


Overfull \hbox (13.11469pt too wide) in paragraph at lines 1597--1598
[][][]\OT1/cmtt/m/n/12 acsc(double?),[] acscd(double?)[] ->[] double? []\OT1/cm
r/m/n/12 - Com-putes $[][] \OML/cmm/m/it/12 ^^R$\OT1/cmr/m/n/12 .
 []


Overfull \hbox (30.79796pt too wide) in paragraph at lines 1598--1599
[][][]\OT1/cmtt/m/n/12 acsch(double?),[] acschd(double?)[] ->[] double? []\OT1/
cmr/m/n/12 - Com-putes $\OML/cmm/m/it/12 csch[]^^R$\OT1/cmr/m/n/12 .
 []

[51]
Overfull \hbox (14.99803pt too wide) in paragraph at lines 1603--1604
[][][]\OT1/cmtt/m/n/12 hypot(double?,[] double?)[] ->[] double? []\OT1/cmr/m/n/
12 - Com-putes the hy-potenuse
 []


Underfull \hbox (badness 10000) in paragraph at lines 1608--1610

 []

[52]
Underfull \hbox (badness 10000) in paragraph at lines 1636--1638

 []


Underfull \hbox (badness 10000) in paragraph at lines 1643--1645

 []


Underfull \hbox (badness 10000) in paragraph at lines 1657--1659

 []


Underfull \hbox (badness 10000) in paragraph at lines 1665--1667

 []

[53]
Underfull \hbox (badness 10000) in paragraph at lines 1673--1675

 []


Underfull \hbox (badness 10000) in paragraph at lines 1691--1693

 []

[54]
Overfull \hbox (17.5502pt too wide) in paragraph at lines 1706--1706
[]   \OT1/cmtt/m/n/12 `[] Several[] functions[] have[] been[] cut[] out[] from[
] this[] definition[] (see[]
 []


Underfull \hbox (badness 10000) in paragraph at lines 1722--1724

 []


Underfull \hbox (badness 10000) in paragraph at lines 1730--1732

 []

[55]
Overfull \hbox (4.67061pt too wide) in paragraph at lines 1733--1735
[][][]\OT1/cmtt/m/n/12 cplxNum_toCartesianString()[] ->[] string []\OT1/cmr/m/n
/12 - Con-verts a com-plex num-
 []


Underfull \hbox (badness 10000) in paragraph at lines 1733--1735

 []


Overfull \hbox (1.58156pt too wide) in paragraph at lines 1744--1746
[][][]\OT1/cmtt/m/n/12 cplxNum_op_exp(cplxNum)[] ->[] cplxNum []\OT1/cmr/m/n/12
 - Ex-po-nen-ti-a-tion over-load op-
 []


Underfull \hbox (badness 10000) in paragraph at lines 1744--1746

 []

[56] [57] [58] [59]
Overfull \hbox (36.07521pt too wide) in paragraph at lines 1834--1834
[]   \OT1/cmtt/m/n/12 function[] vector3(double128[] x,[] double128[] y,[] doub
le128[] z)[] ->[] vector3[]
 []


Overfull \hbox (77.79991pt too wide) in paragraph at lines 1845--1846
[][][]\OT1/cmtt/m/n/12 vector2_crossProduct(vector2)[] ->[] vector2,[] vector3_
crossProduct(vector3)[]
 []

[60]
Overfull \hbox (6.28468pt too wide) in paragraph at lines 1849--1850
[][][]\OT1/cmtt/m/n/12 vector?_normalizeN(double128)[] ->[] vector? []\OT1/cmr/
m/n/12 - Makes a vec-tor's mag-
 []


Overfull \hbox (6.74344pt too wide) in paragraph at lines 1850--1851
[][][]\OT1/cmtt/m/n/12 vector2_rotate(double128)[] ->[] vector2 []\OT1/cmr/m/n/
12 - Ro-tates a vec-tor by $\OML/cmm/m/it/12 ^^R$ \OT1/cmr/m/n/12 coun-
 []


Overfull \hbox (22.02487pt too wide) in paragraph at lines 1851--1852
[][][]\OT1/cmtt/m/n/12 vector3_rotate(int,[] double128)[] ->[] vector3 []\OT1/c
mr/m/n/12 - Ro-tates a vec-tor around
 []


Overfull \hbox (40.7499pt too wide) in paragraph at lines 1858--1858
 []   \OT1/cmtt/m/n/12 n.rotateByVector3(vector3(M_PI32/2ld,[] M_PI32,[] M_PI32
),[] [yAxis,[]
 []


Overfull \hbox (8.56938pt too wide) in paragraph at lines 1863--1864
[][][]\OT1/cmtt/m/n/12 vector?_scalarMult(double128)[] ->[] vector? []\OT1/cmr/
m/n/12 - Mul-ti-plies all el-e-ments
 []

[61]
Overfull \hbox (5.2002pt too wide) in paragraph at lines 1884--1884
[]   \OT1/cmtt/m/n/12 function[] mtrx(double128[][] data,[] int[] rows,[] int[]
 cols)[] ->[] mtrx[] {[] 
 []


Overfull \hbox (11.6286pt too wide) in paragraph at lines 1892--1893
[][][]\OT1/cmtt/m/n/12 doubleMtrxFromDims(int,[] int)[] ->[] double128[] []\OT1
/cmr/m/n/12 - Makes a $\OML/cmm/m/it/12 arg\OT1/cmr/m/n/12 0\OML/cmm/m/it/12 xa
rg\OT1/cmr/m/n/12 1$
 []


Overfull \hbox (1.8123pt too wide) in paragraph at lines 1894--1895
[][][]\OT1/cmtt/m/n/12 mtrx_det()[] ->[] double128 []\OT1/cmr/m/n/12 - Gets the
 de-ter-mi-nant of a ma-trix. Throws
 []

[62] [63]
Overfull \hbox (3.01396pt too wide) in paragraph at lines 1941--1942
[][][]\OT1/cmtt/m/n/12 randLD(double128,[] double128)[] ->[] double128 []\OT1/c
mr/m/n/12 - Gen-er-ates a ran-dom
 []

[64]
Overfull \hbox (36.07521pt too wide) in paragraph at lines 1976--1976
[]   \OT1/cmtt/m/n/12 const[] int[] FM_READ[] =[] 1i;[] `[] Only[] allows[] rea
ding[] of[] the[] file.[] Doesn't[]
 []


Overfull \hbox (17.5502pt too wide) in paragraph at lines 1976--1976
[]   \OT1/cmtt/m/n/12 const[] int[] FM_WRITE[] =[] 2i;[] `[] Overwrites[] the[]
 file,[] and[] only[] allows[]
 []


Overfull \hbox (23.7252pt too wide) in paragraph at lines 1976--1976
[]   \OT1/cmtt/m/n/12 const[] int[] FM_APPEND[] =[] 3i;[] `[] Doesn't[] overwri
te[] the[] file.[] Sets[] the[]
 []


Overfull \hbox (17.5502pt too wide) in paragraph at lines 1976--1976
\OT1/cmtt/m/n/12 pos[] attribute[] of[] the[] file[] to[] the[] last[] characte
r.[] Allows[] writing[] to[]
 []


Overfull \hbox (11.3752pt too wide) in paragraph at lines 1976--1976
[]   \OT1/cmtt/m/n/12 const[] int[] FM_READWRITE[] =[] 4i;[] `[] Sets[] pos[] a
ttribute[] to[] the[] start[]
 []


Overfull \hbox (36.07521pt too wide) in paragraph at lines 1976--1976
[]   \OT1/cmtt/m/n/12 const[] int[] FM_READOVERWRITE[] =[] 5i;[] `[] Overwrites
[] the[] file,[] and[] allows[]
 []


Overfull \hbox (36.07521pt too wide) in paragraph at lines 1976--1976
\OT1/cmtt/m/n/12 reading[] and[] writing.[] Sets[] the[] pos[] to[] zero.[] If[
] the[] file[] doesn't[] exist,[]
 []


Overfull \hbox (17.5502pt too wide) in paragraph at lines 1976--1976
[]   \OT1/cmtt/m/n/12 const[] int[] FM_READAPPEND[] =[] 6i;[] `[] Doesn't[] ove
rwrite[] the[] file,[] and[]
 []


Overfull \hbox (11.3752pt too wide) in paragraph at lines 1976--1976
\OT1/cmtt/m/n/12 allows[] reading[] and[] appending.[] Sets[] the[] pos[] to[] 
the[] last[] character.[] 
 []

[65]
Overfull \hbox (4.45659pt too wide) in paragraph at lines 1986--1987
[][][]\OT1/cmtt/m/n/12 file_read()[] ->[] string []\OT1/cmr/m/n/12 - Reads the 
en-tire file. Doesn't mod-ify file.pos. 
 []

[66]
Overfull \hbox (3.69987pt too wide) in paragraph at lines 1999--1999
 []    \OT1/cmtt/m/n/12 n.writef("%i+%i=%i",[] 1,[] 1,[] 2);[] `[] This[] write
s[] "1+1=2"[] to[]
 []


Underfull \hbox (badness 10000) in paragraph at lines 1999--2001

 []

[67] [68]

Package hyperref Warning: Difference (2) between bookmark levels is greater 
(hyperref)                than one, level fixed on input line 2028.


Underfull \hbox (badness 10000) in paragraph at lines 2029--2032

 []


Overfull \hbox (3.75943pt too wide) in paragraph at lines 2035--2035
[]\OT1/cmr/m/n/12 Bytes:| 
 []


Overfull \hbox (3.75943pt too wide) in paragraph at lines 2053--2053
[]\OT1/cmr/m/n/12 Bytes:| 
 []


Overfull \hbox (3.75943pt too wide) in paragraph at lines 2075--2075
[]\OT1/cmr/m/n/12 Bytes:| 
 []


Underfull \hbox (badness 10000) in paragraph at lines 2079--2079
[]\OT1/cmr/m/n/12 Generic
 []


Underfull \hbox (badness 10000) in paragraph at lines 2079--2079
\OT1/cmr/m/n/12 Num-ber
 []


Overfull \hbox (3.75943pt too wide) in paragraph at lines 2087--2087
[]\OT1/cmr/m/n/12 Bytes:| 
 []


Overfull \hbox (3.75943pt too wide) in paragraph at lines 2103--2103
[]\OT1/cmr/m/n/12 Bytes:| 
 []


Underfull \hbox (badness 10000) in paragraph at lines 2113--2113
[]\OT1/cmr/m/n/12 (4
 []


Underfull \hbox (badness 10000) in paragraph at lines 2113--2113
\OT1/cmr/m/n/12 OR
 []


Overfull \hbox (10.71352pt too wide) in paragraph at lines 2113--2113
\OT1/cmr/m/n/12 5+z)*w| 
 []


Overfull \hbox (1.5175pt too wide) in paragraph at lines 2113--2113
[]\OT1/cmr/m/n/12 StructType| 
 []


Overfull \hbox (3.8022pt too wide) in paragraph at lines 2113--2114
[]\OT1/cmr/m/n/12 3+x+y+((4
 []


Underfull \hbox (badness 10000) in paragraph at lines 2113--2114
\OT1/cmr/m/n/12 OR
 []


Overfull \hbox (3.75943pt too wide) in paragraph at lines 2121--2121
[]\OT1/cmr/m/n/12 Bytes:| 
 []


Overfull \hbox (13.3246pt too wide) in paragraph at lines 2129--2129
[]\OT1/cmr/m/n/12 (1+(0---
 []


Overfull \hbox (5.17302pt too wide) in paragraph at lines 2129--2129
[]\OT1/cmr/m/n/12 instruction[]| 
 []


Overfull \hbox (15.2257pt too wide) in paragraph at lines 2129--2130
[]\OT1/cmr/m/n/12 5+x+(1+(0---
 []


Overfull \hbox (84.7913pt too wide) in paragraph at lines 2033--2132
[] 
 []


Overfull \hbox (84.7913pt too wide) in paragraph at lines 2033--2132
[] 
 []


Overfull \hbox (84.7913pt too wide) in paragraph at lines 2033--2132
[] 
 []


Overfull \hbox (84.7913pt too wide) in paragraph at lines 2033--2132
[] 
 []


Overfull \hbox (84.7913pt too wide) in paragraph at lines 2033--2132
[] 
 []


Overfull \hbox (84.7913pt too wide) in paragraph at lines 2033--2132
[] 
 []

[69] [70] [71] (Aurum264Latex.aux)
 ***********
LaTeX2e <2025-11-01>
L3 programming layer <2025-12-24>
 ***********
Package rerunfilecheck Info: File `Aurum264Latex.out' has not changed.
(rerunfilecheck)             Checksum: 8AA96AD45D2DD938744EC0E1F4DDC9DC;11683.
 ) 
Here is how much of TeX's memory you used:
 31514 strings out of 467870
 699632 string characters out of 5415415
 1098039 words of memory out of 5000000
 59771 multiletter control sequences out of 15000+600000
 639310 words of font info for 85 fonts, out of 8000000 for 9000
 1141 hyphenation exceptions out of 8191
 141i,13n,131p,1614b,1757s stack positions out of 10000i,1000n,20000p,200000b,200000s
 <C:\Users\Gabe Hollis\AppData\Local\MiKTeX\fonts/pk/ljfour/jknappen/ec/dpi60
0\tctt1200.pk> <C:\Users\Gabe Hollis\AppData\Local\MiKTeX\fonts/pk/ljfour/jknap
pen/ec/dpi600\tcrm1200.pk><C:/Users/Gabe Hollis/AppData/Local/Programs/MiKTeX/f
onts/type1/public/amsfonts/cm/cmbx10.pfb><C:/Users/Gabe Hollis/AppData/Local/Pr
ograms/MiKTeX/fonts/type1/public/amsfonts/cm/cmbx12.pfb><C:/Users/Gabe Hollis/A
ppData/Local/Programs/MiKTeX/fonts/type1/public/amsfonts/cm/cmmi12.pfb><C:/User
s/Gabe Hollis/AppData/Local/Programs/MiKTeX/fonts/type1/public/amsfonts/cm/cmmi
8.pfb><C:/Users/Gabe Hollis/AppData/Local/Programs/MiKTeX/fonts/type1/public/am
sfonts/cm/cmr10.pfb><C:/Users/Gabe Hollis/AppData/Local/Programs/MiKTeX/fonts/t
ype1/public/amsfonts/cm/cmr12.pfb><C:/Users/Gabe Hollis/AppData/Local/Programs/
MiKTeX/fonts/type1/public/amsfonts/cm/cmr17.pfb><C:/Users/Gabe Hollis/AppData/L
ocal/Programs/MiKTeX/fonts/type1/public/amsfonts/cm/cmr8.pfb><C:/Users/Gabe Hol
lis/AppData/Local/Programs/MiKTeX/fonts/type1/public/amsfonts/cm/cmsy10.pfb><C:
/Users/Gabe Hollis/AppData/Local/Programs/MiKTeX/fonts/type1/public/amsfonts/cm
/cmsy8.pfb><C:/Users/Gabe Hollis/AppData/Local/Programs/MiKTeX/fonts/type1/publ
ic/amsfonts/cm/cmtt12.pfb><C:/Users/Gabe Hollis/AppData/Local/Programs/MiKTeX/f
onts/type1/public/amsfonts/cm/cmtt8.pfb><C:/Users/Gabe Hollis/AppData/Local/Pro
grams/MiKTeX/fonts/type1/public/amsfonts/symbols/msbm10.pfb>
Output written on Aurum264Latex.pdf (79 pages, 390873 bytes).
PDF statistics:
 952 PDF objects out of 1000 (max. 8388607)
 233 named destinations out of 1000 (max. 500000)
 645 words of extra memory for PDF output out of 10000 (max. 10000000)

