\BOOKMARK [1][-]{section.1}{\376\377\000I\000n\000t\000r\000o\000d\000u\000c\000t\000i\000o\000n}{}% 1
\BOOKMARK [1][-]{section.2}{\376\377\000C\000h\000a\000n\000g\000e\000d\000\040\000f\000r\000o\000m\000\040\000L\000a\000s\000t\000\040\000V\000e\000r\000s\000i\000o\000n}{}% 2
\BOOKMARK [1][-]{section.3}{\376\377\000G\000e\000t\000t\000i\000n\000g\000\040\000s\000t\000a\000r\000t\000e\000d}{}% 3
\BOOKMARK [2][-]{subsubsection.3.0.1}{\376\377\000R\000e\000q\000u\000i\000r\000e\000m\000e\000n\000t\000s}{section.3}% 4
\BOOKMARK [3][-]{subsubsection.3.0.2}{\376\377\000I\000n\000s\000t\000a\000l\000l\000i\000n\000g\000\040\000A\000u\000r\000u\000m\000\040\000\050\000F\000o\000r\000\040\000u\000s\000e\000r\000s\000\051}{subsubsection.3.0.1}% 5
\BOOKMARK [3][-]{subsubsection.3.0.3}{\376\377\000B\000u\000i\000l\000d\000i\000n\000g\000\040\000A\000u\000r\000u\000m\000\040\000\050\000F\000o\000r\000\040\000d\000e\000v\000e\000l\000o\000p\000m\000e\000n\000t\000\051}{subsubsection.3.0.1}% 6
\BOOKMARK [1][-]{section.4}{\376\377\000S\000c\000o\000p\000e}{}% 7
\BOOKMARK [1][-]{section.5}{\376\377\000T\000e\000r\000m\000s\000,\000\040\000d\000e\000f\000i\000n\000i\000t\000i\000o\000n\000s\000,\000\040\000a\000n\000d\000\040\000s\000y\000m\000b\000o\000l\000s}{}% 8
\BOOKMARK [1][-]{section.6}{\376\377\000A\000u\000r\000u\000m\000\040\000I\000n\000t\000e\000r\000p\000r\000e\000t\000e\000r}{}% 9
\BOOKMARK [2][-]{subsection.6.1}{\376\377\000L\000e\000x\000i\000n\000g}{section.6}% 10
\BOOKMARK [3][-]{subsubsection.6.1.1}{\376\377\000E\000x\000a\000m\000p\000l\000e}{subsection.6.1}% 11
\BOOKMARK [2][-]{subsection.6.2}{\376\377\000P\000a\000r\000s\000i\000n\000g}{section.6}% 12
\BOOKMARK [3][-]{subsubsection.6.2.1}{\376\377\000E\000x\000a\000m\000p\000l\000e}{subsection.6.2}% 13
\BOOKMARK [2][-]{subsection.6.3}{\376\377\000B\000y\000t\000e\000c\000o\000d\000i\000n\000g\000\040\000\046\000\040\000E\000x\000e\000c\000u\000t\000i\000o\000n}{section.6}% 14
\BOOKMARK [3][-]{subsubsection.6.3.1}{\376\377\000S\000t\000a\000c\000k\000\040\000i\000n\000s\000t\000r\000u\000c\000t\000i\000o\000n\000s}{subsection.6.3}% 15
\BOOKMARK [3][-]{subsubsection.6.3.2}{\376\377\000E\000x\000a\000m\000p\000l\000e}{subsection.6.3}% 16
\BOOKMARK [1][-]{section.7}{\376\377\000L\000a\000n\000g\000u\000a\000g\000e\000\040\000S\000t\000a\000n\000d\000a\000r\000d}{}% 17
\BOOKMARK [2][-]{subsection.7.1}{\376\377\000T\000y\000p\000e\000s}{section.7}% 18
\BOOKMARK [2][-]{subsection.7.2}{\376\377\000L\000e\000x\000i\000c\000a\000l\000\040\000E\000l\000e\000m\000e\000n\000t\000s}{section.7}% 19
\BOOKMARK [3][-]{subsubsection.7.2.1}{\376\377\000K\000e\000y\000w\000o\000r\000d\000s}{subsection.7.2}% 20
\BOOKMARK [3][-]{subsubsection.7.2.2}{\376\377\000N\000u\000m\000b\000e\000r\000\040\000L\000i\000t\000e\000r\000a\000l\000s}{subsection.7.2}% 21
\BOOKMARK [3][-]{subsubsection.7.2.3}{\376\377\000A\000r\000r\000a\000y\000\040\000L\000i\000t\000e\000r\000a\000l\000s}{subsection.7.2}% 22
\BOOKMARK [3][-]{subsubsection.7.2.4}{\376\377\000S\000t\000r\000i\000n\000g\000\040\000\046\000\040\000C\000h\000a\000r\000a\000c\000t\000e\000r\000\040\000L\000i\000t\000e\000r\000a\000l\000s}{subsection.7.2}% 23
\BOOKMARK [2][-]{subsection.7.3}{\376\377\000C\000o\000m\000m\000e\000n\000t\000s}{section.7}% 24
\BOOKMARK [2][-]{subsection.7.4}{\376\377\000O\000p\000e\000r\000a\000t\000o\000r\000s}{section.7}% 25
\BOOKMARK [3][-]{subsubsection.7.4.1}{\376\377\000B\000i\000n\000a\000r\000y\000\040\000A\000r\000i\000t\000h\000m\000e\000t\000i\000c\000\040\000O\000p\000e\000r\000a\000t\000o\000r\000s}{subsection.7.4}% 26
\BOOKMARK [3][-]{subsubsection.7.4.2}{\376\377\000B\000i\000t\000w\000i\000s\000e\000\040\000O\000p\000e\000r\000a\000t\000o\000r\000s}{subsection.7.4}% 27
\BOOKMARK [3][-]{subsubsection.7.4.3}{\376\377\000L\000o\000g\000i\000c\000a\000l\000\040\000O\000p\000e\000r\000a\000t\000o\000r\000s}{subsection.7.4}% 28
\BOOKMARK [3][-]{subsubsection.7.4.4}{\376\377\000O\000t\000h\000e\000r\000\040\000O\000p\000e\000r\000a\000t\000o\000r\000s}{subsection.7.4}% 29
\BOOKMARK [3][-]{subsubsection.7.4.5}{\376\377\000A\000s\000s\000i\000g\000n\000m\000e\000n\000t\000\040\000O\000p\000e\000r\000a\000t\000o\000r\000s}{subsection.7.4}% 30
\BOOKMARK [3][-]{subsubsection.7.4.6}{\376\377\000O\000p\000e\000r\000a\000t\000o\000r\000s\000\040\000d\000u\000r\000i\000n\000g\000\040\000i\000n\000t\000e\000r\000p\000r\000e\000t\000a\000t\000i\000o\000n}{subsection.7.4}% 31
\BOOKMARK [2][-]{subsection.7.5}{\376\377\000D\000e\000c\000l\000a\000r\000a\000t\000i\000o\000n\000s}{section.7}% 32
\BOOKMARK [3][-]{subsubsection.7.5.1}{\376\377\000V\000a\000r\000i\000a\000b\000l\000e\000\040\000D\000e\000c\000l\000a\000r\000a\000t\000i\000o\000n\000s\000\040\000\046\000\040\000A\000s\000s\000i\000g\000n\000m\000e\000n\000t}{subsection.7.5}% 33
\BOOKMARK [3][-]{subsubsection.7.5.2}{\376\377\000F\000u\000n\000c\000t\000i\000o\000n\000\040\000D\000e\000c\000l\000a\000r\000a\000t\000i\000o\000n\000s}{subsection.7.5}% 34
\BOOKMARK [3][-]{subsubsection.7.5.3}{\376\377\000S\000t\000r\000u\000c\000t\000\040\000D\000e\000c\000l\000a\000r\000a\000t\000i\000o\000n\000s}{subsection.7.5}% 35
\BOOKMARK [3][-]{subsubsection.7.5.4}{\376\377\000A\000r\000r\000a\000y\000\040\000A\000s\000s\000i\000g\000n\000m\000e\000n\000t}{subsection.7.5}% 36
\BOOKMARK [2][-]{subsection.7.6}{\376\377\000S\000t\000a\000t\000e\000m\000e\000n\000t\000s}{section.7}% 37
\BOOKMARK [3][-]{subsubsection.7.6.1}{\376\377\000S\000e\000l\000e\000c\000t\000i\000o\000n\000\040\000S\000t\000a\000t\000e\000m\000e\000n\000t\000s}{subsection.7.6}% 38
\BOOKMARK [3][-]{subsubsection.7.6.2}{\376\377\000I\000t\000e\000r\000a\000t\000i\000o\000n\000\040\000S\000t\000a\000t\000e\000m\000e\000n\000t\000s}{subsection.7.6}% 39
\BOOKMARK [3][-]{subsubsection.7.6.3}{\376\377\000O\000t\000h\000e\000r\000\040\000s\000t\000a\000t\000e\000m\000e\000n\000t\000s}{subsection.7.6}% 40
\BOOKMARK [1][-]{section.8}{\376\377\000S\000t\000a\000n\000d\000a\000r\000d\000\040\000L\000i\000b\000r\000a\000r\000y}{}% 41
\BOOKMARK [2][-]{subsection.8.1}{\376\377\000D\000e\000f\000a\000u\000l\000t\000\040\000F\000u\000n\000c\000t\000i\000o\000n\000s}{section.8}% 42
\BOOKMARK [3][-]{subsubsection.8.1.1}{\376\377\000C\000o\000n\000s\000o\000l\000e\000\040\000F\000u\000n\000c\000t\000i\000o\000n\000s}{subsection.8.1}% 43
\BOOKMARK [3][-]{subsubsection.8.1.2}{\376\377\000T\000y\000p\000e\000\040\000C\000o\000n\000v\000e\000r\000s\000i\000o\000n\000s}{subsection.8.1}% 44
\BOOKMARK [3][-]{subsubsection.8.1.3}{\376\377\000F\000l\000o\000a\000t\000s}{subsection.8.1}% 45
\BOOKMARK [3][-]{subsubsection.8.1.4}{\376\377\000A\000r\000r\000a\000y\000s}{subsection.8.1}% 46
\BOOKMARK [3][-]{subsubsection.8.1.5}{\376\377\000S\000t\000r\000i\000n\000g\000s}{subsection.8.1}% 47
\BOOKMARK [3][-]{subsubsection.8.1.6}{\376\377\000E\000r\000r\000o\000r\000\040\000H\000a\000n\000d\000l\000i\000n\000g}{subsection.8.1}% 48
\BOOKMARK [2][-]{subsection.8.2}{\376\377\000@\000m\000a\000t\000h\000\040\000L\000i\000b\000r\000a\000r\000y}{section.8}% 49
\BOOKMARK [3][-]{subsubsection.8.2.1}{\376\377\000M\000a\000t\000h\000\040\000C\000o\000n\000s\000t\000a\000n\000t\000s}{subsection.8.2}% 50
\BOOKMARK [3][-]{subsubsection.8.2.2}{\376\377\000B\000a\000s\000e\000\040\000C\000o\000n\000v\000e\000r\000s\000i\000o\000n\000s}{subsection.8.2}% 51
\BOOKMARK [3][-]{subsubsection.8.2.3}{\376\377\000E\000x\000p\000o\000n\000e\000n\000t\000s}{subsection.8.2}% 52
\BOOKMARK [3][-]{subsubsection.8.2.4}{\376\377\000G\000e\000o\000m\000e\000t\000r\000y\000\040\000\046\000\040\000T\000r\000i\000g\000o\000n\000o\000m\000e\000t\000r\000y}{subsection.8.2}% 53
\BOOKMARK [3][-]{subsubsection.8.2.5}{\376\377\000N\000u\000m\000b\000e\000r\000s}{subsection.8.2}% 54
\BOOKMARK [3][-]{subsubsection.8.2.6}{\376\377\000S\000t\000a\000t\000i\000s\000t\000i\000c\000s\000\040\000\046\000\040\000A\000r\000r\000a\000y\000\040\000O\000p\000e\000r\000a\000t\000i\000o\000n\000s}{subsection.8.2}% 55
\BOOKMARK [2][-]{subsection.8.3}{\376\377\000@\000c\000p\000l\000x\000\040\000L\000i\000b\000r\000a\000r\000y}{section.8}% 56
\BOOKMARK [3][-]{subsubsection.8.3.1}{\376\377\000c\000p\000l\000x\000N\000u\000m\000\040\000S\000t\000r\000u\000c\000t}{subsection.8.3}% 57
\BOOKMARK [3][-]{subsubsection.8.3.2}{\376\377\000C\000o\000m\000p\000l\000e\000x\000\040\000E\000x\000p\000o\000n\000e\000n\000t\000s}{subsection.8.3}% 58
\BOOKMARK [3][-]{subsubsection.8.3.3}{\376\377\000C\000o\000m\000p\000l\000e\000x\000\040\000T\000r\000i\000g\000o\000n\000o\000m\000e\000t\000r\000y}{subsection.8.3}% 59
\BOOKMARK [2][-]{subsection.8.4}{\376\377\000@\000l\000a\000l\000g\000\040\000L\000i\000b\000r\000a\000r\000y}{section.8}% 60
\BOOKMARK [3][-]{subsubsection.8.4.1}{\376\377\000V\000e\000c\000t\000o\000r\000s}{subsection.8.4}% 61
\BOOKMARK [3][-]{subsubsection.8.4.2}{\376\377\000M\000a\000t\000r\000i\000c\000e\000s}{subsection.8.4}% 62
\BOOKMARK [2][-]{subsection.8.5}{\376\377\000@\000t\000i\000m\000e\000\040\000L\000i\000b\000r\000a\000r\000y}{section.8}% 63
\BOOKMARK [2][-]{subsection.8.6}{\376\377\000@\000r\000a\000n\000d\000\040\000L\000i\000b\000r\000a\000r\000y}{section.8}% 64
\BOOKMARK [3][-]{subsubsection.8.6.1}{\376\377\000R\000a\000n\000d\000o\000m\000\040\000N\000u\000m\000b\000e\000r\000\040\000G\000e\000n\000e\000r\000a\000t\000i\000o\000n}{subsection.8.6}% 65
\BOOKMARK [3][-]{subsubsection.8.6.2}{\376\377\000F\000a\000c\000t\000o\000r\000i\000a\000l\000\040\000\046\000\040\000G\000a\000m\000m\000a\000\040\000F\000u\000n\000c\000t\000i\000o\000n\000s}{subsection.8.6}% 66
\BOOKMARK [3][-]{subsubsection.8.6.3}{\376\377\000P\000e\000r\000m\000u\000t\000a\000t\000i\000o\000n\000s\000,\000\040\000C\000o\000m\000b\000i\000n\000a\000t\000i\000o\000n\000s\000,\000\040\000a\000n\000d\000\040\000A\000r\000r\000a\000y\000.\000C\000h\000o\000o\000s\000e\000\050\000\051}{subsection.8.6}% 67
\BOOKMARK [2][-]{subsection.8.7}{\376\377\000@\000i\000o\000\040\000L\000i\000b\000r\000a\000r\000y}{section.8}% 68
\BOOKMARK [3][-]{subsubsection.8.7.1}{\376\377\000O\000p\000e\000n\000i\000n\000g\000\040\000F\000i\000l\000e\000s}{subsection.8.7}% 69
\BOOKMARK [3][-]{subsubsection.8.7.2}{\376\377\000R\000e\000a\000d\000i\000n\000g\000\040\000F\000i\000l\000e\000s}{subsection.8.7}% 70
\BOOKMARK [3][-]{subsubsection.8.7.3}{\376\377\000M\000o\000d\000i\000f\000y\000i\000n\000g\000\040\000F\000i\000l\000e\000s}{subsection.8.7}% 71
\BOOKMARK [3][-]{subsubsection.8.7.4}{\376\377\000D\000i\000r\000e\000c\000t\000o\000r\000i\000e\000s}{subsection.8.7}% 72
\BOOKMARK [2][-]{subsection.8.8}{\376\377\000@\000a\000p\000l\000\040\000L\000i\000b\000r\000a\000r\000y}{section.8}% 73
\BOOKMARK [3][-]{subsubsection.8.8.1}{\376\377\000M\000e\000s\000s\000a\000g\000e\000\040\000H\000a\000n\000d\000l\000i\000n\000g}{subsection.8.8}% 74
\BOOKMARK [3][-]{subsubsection.8.8.2}{\376\377\000W\000i\000n\000d\000o\000w\000s}{subsection.8.8}% 75
\BOOKMARK [1][-]{section.9}{\376\377\000A\000u\000r\000X\000\040\000E\000x\000e\000c\000u\000t\000a\000b\000l\000e\000\040\000F\000o\000r\000m\000a\000t}{}% 76
\BOOKMARK [2][-]{subsubsection.9.0.1}{\376\377\000A\000u\000r\000X\000\040\000F\000o\000r\000m\000a\000t\000\040\000U\000s\000a\000g\000e}{section.9}% 77
\BOOKMARK [3][-]{subsubsection.9.0.2}{\376\377\000A\000u\000r\000X\000\040\000F\000o\000r\000m\000a\000t\000\040\000S\000t\000a\000n\000d\000a\000r\000d}{subsubsection.9.0.1}% 78
\BOOKMARK [1][-]{section.10}{\376\377\000P\000l\000a\000n\000n\000e\000d\000\040\000a\000d\000d\000i\000t\000i\000o\000n\000s\000\040\000t\000o\000\040\000t\000h\000e\000\040\000A\000u\000r\000u\000m\000\040\000S\000t\000a\000n\000d\000a\000r\000d}{}% 79
